Starting chaos...
Tue Jun 28 11:37:41 2016
----------------------------------------------------------------------------------------------------------------------------------------------------
RUNNING 	 699024-infra03_cinder_api_container-f000e209
RUNNING 	 699023-infra02_heat_engine_container-e94b13ef
RUNNING 	 699024-infra03_utility_container-75a5f21d
RUNNING 	 699024-infra03_cinder_scheduler_container-a06cf063
RUNNING 	 699023-infra02_nova_cert_container-dfed590d
RUNNING 	 699024-infra03_repo_container-64dd89d5
RUNNING 	 699023-infra02_swift_proxy_container-2aac86ea
RUNNING 	 699024-infra03_keystone_container-dd1a680c
RUNNING 	 699023-infra02_nova_scheduler_container-7b663389
RUNNING 	 697188-infra01_heat_apis_container-5a79b4eb
RUNNING 	 697188-infra01_neutron_agents_container-13c9cda5
RUNNING 	 697188-infra01_nova_console_container-179690c3
RUNNING 	 699023-infra02_neutron_server_container-3a92c137
RUNNING 	 699024-infra03_swift_proxy_container-a7ea6ef0
RUNNING 	 697188-infra01_utility_container-a012b479
RUNNING 	 699024-infra03_heat_apis_container-6870b6e0
RUNNING 	 699024-infra03_glance_container-d2a062c8
RUNNING 	 699023-infra02_heat_apis_container-e80fbbba
RUNNING 	 697188-infra01_cinder_api_container-29436bd9
RUNNING 	 697188-infra01_horizon_container-0ad13554
RUNNING 	 699023-infra02_keystone_container-bfa46e91
RUNNING 	 699024-infra03_nova_conductor_container-b914f32f
RUNNING 	 699023-infra02_cinder_api_container-9b53e562
RUNNING 	 699024-infra03_neutron_server_container-6b33fd68
RUNNING 	 699023-infra02_neutron_agents_container-bcee498b
RUNNING 	 699027-logging01_kibana_container-30694829
RUNNING 	 699024-infra03_nova_scheduler_container-d9358ea7
RUNNING 	 697188-infra01_nova_scheduler_container-80463dee
RUNNING 	 699024-infra03_horizon_container-e7f1268a
RUNNING 	 697188-infra01_galera_container-17ce0a1a
RUNNING 	 699023-infra02_horizon_container-2fb984dd
RUNNING 	 699024-infra03_rabbit_mq_container-04425657
RUNNING 	 697188-infra01_nova_cert_container-34730dc8
RUNNING 	 699023-infra02_nova_api_metadata_container-985414d1
RUNNING 	 697188-infra01_nova_conductor_container-3f5f5b82
RUNNING 	 699023-infra02_nova_conductor_container-e0cc4050
RUNNING 	 697188-infra01_nova_api_metadata_container-7cda40e7
RUNNING 	 699023-infra02_utility_container-dd33dd44
RUNNING 	 699024-infra03_galera_container-9040bc81
RUNNING 	 697188-infra01_keystone_container-7339c5a1
RUNNING 	 699024-infra03_memcached_container-9d53a28c
RUNNING 	 699027-logging01_rsyslog_container-88d3dc4d
RUNNING 	 699024-infra03_nova_cert_container-702c866a
RUNNING 	 699024-infra03_heat_engine_container-d863fa68
RUNNING 	 697188-infra01_heat_engine_container-4cd6a420
RUNNING 	 699023-infra02_glance_container-2e89455e
RUNNING 	 699024-infra03_nova_api_os_compute_container-80806edf
RUNNING 	 697188-infra01_memcached_container-420472b0
RUNNING 	 697188-infra01_repo_container-94c5bb6a
RUNNING 	 699023-infra02_rabbit_mq_container-94b2ed1d
RUNNING 	 697188-infra01_nova_api_os_compute_container-4b71cfa2
RUNNING 	 699023-infra02_memcached_container-ce56bd0a
RUNNING 	 699023-infra02_nova_console_container-d8330e16
RUNNING 	 697188-infra01_glance_container-f9d9078c
RUNNING 	 697188-infra01_cinder_scheduler_container-888853dd
RUNNING 	 697188-infra01_neutron_server_container-8d02833a
RUNNING 	 699024-infra03_nova_api_metadata_container-089ba563
RUNNING 	 699027-logging01_logstash_container-cbf7aa56
----------------------------------------------------------------------------------------------------------------------------------------------------
STOPPED 	 699023-infra02_nova_api_os_compute_container-977ab849
STOPPED 	 699023-infra02_cinder_scheduler_container-c7e126c2
STOPPED 	 697188-infra01_swift_proxy_container-bbe30564
STOPPED 	 699024-infra03_neutron_agents_container-1bfc4c87
STOPPED 	 699023-infra02_galera_container-24f1838e
STOPPED 	 697188-infra01_rabbit_mq_container-72032cab
STOPPED 	 699027-logging01_elasticsearch_container-a4c7d7c5
STOPPED 	 699024-infra03_nova_console_container-261d0071
STOPPED 	 699023-infra02_repo_container-397dfc94
----------------------------------------------------------------------------------------------------------------------------------------------------
about to stop: 699023-infra02_memcached_container-ce56bd0a
----------------------------------------------------------------------------------------------------------------------------------------------------
Sleep for 31 seconds
Sleep for 30 seconds
Sleep for 29 seconds
Sleep for 28 seconds
Sleep for 27 seconds
Sleep for 26 seconds
Sleep for 25 seconds
Sleep for 24 seconds
Sleep for 23 seconds
Sleep for 22 seconds
Sleep for 21 seconds
Sleep for 20 seconds
Sleep for 19 seconds
Sleep for 18 seconds
Sleep for 17 seconds
Sleep for 16 seconds
Sleep for 15 seconds
Sleep for 14 seconds
Sleep for 13 seconds
Sleep for 12 seconds
Sleep for 11 seconds
Sleep for 10 seconds
Sleep for 9 seconds
Sleep for 8 seconds
Sleep for 7 seconds
Sleep for 6 seconds
Sleep for 5 seconds
Sleep for 4 seconds
Sleep for 3 seconds
Sleep for 2 seconds
Sleep for 1 seconds
----------------------------------------------------------------------------------------------------------------------------------------------------
RUNNING 	 699024-infra03_cinder_api_container-f000e209
RUNNING 	 699023-infra02_heat_engine_container-e94b13ef
RUNNING 	 699024-infra03_utility_container-75a5f21d
RUNNING 	 699024-infra03_cinder_scheduler_container-a06cf063
RUNNING 	 699023-infra02_nova_cert_container-dfed590d
RUNNING 	 699024-infra03_repo_container-64dd89d5
RUNNING 	 699023-infra02_swift_proxy_container-2aac86ea
RUNNING 	 699024-infra03_keystone_container-dd1a680c
RUNNING 	 699023-infra02_nova_scheduler_container-7b663389
RUNNING 	 697188-infra01_heat_apis_container-5a79b4eb
RUNNING 	 697188-infra01_neutron_agents_container-13c9cda5
RUNNING 	 697188-infra01_nova_console_container-179690c3
RUNNING 	 699023-infra02_neutron_server_container-3a92c137
RUNNING 	 699024-infra03_swift_proxy_container-a7ea6ef0
RUNNING 	 697188-infra01_utility_container-a012b479
RUNNING 	 699024-infra03_heat_apis_container-6870b6e0
RUNNING 	 699024-infra03_glance_container-d2a062c8
RUNNING 	 699023-infra02_heat_apis_container-e80fbbba
RUNNING 	 697188-infra01_cinder_api_container-29436bd9
RUNNING 	 697188-infra01_horizon_container-0ad13554
RUNNING 	 699023-infra02_keystone_container-bfa46e91
RUNNING 	 699024-infra03_nova_conductor_container-b914f32f
RUNNING 	 699023-infra02_cinder_api_container-9b53e562
RUNNING 	 699024-infra03_neutron_server_container-6b33fd68
RUNNING 	 699023-infra02_neutron_agents_container-bcee498b
RUNNING 	 699027-logging01_kibana_container-30694829
RUNNING 	 699024-infra03_nova_scheduler_container-d9358ea7
RUNNING 	 697188-infra01_nova_scheduler_container-80463dee
RUNNING 	 699024-infra03_horizon_container-e7f1268a
RUNNING 	 697188-infra01_galera_container-17ce0a1a
RUNNING 	 699023-infra02_horizon_container-2fb984dd
RUNNING 	 699024-infra03_rabbit_mq_container-04425657
RUNNING 	 697188-infra01_nova_cert_container-34730dc8
RUNNING 	 699023-infra02_nova_api_metadata_container-985414d1
RUNNING 	 697188-infra01_nova_conductor_container-3f5f5b82
RUNNING 	 699023-infra02_nova_conductor_container-e0cc4050
RUNNING 	 697188-infra01_nova_api_metadata_container-7cda40e7
RUNNING 	 699023-infra02_utility_container-dd33dd44
RUNNING 	 699024-infra03_galera_container-9040bc81
RUNNING 	 697188-infra01_keystone_container-7339c5a1
RUNNING 	 699024-infra03_memcached_container-9d53a28c
RUNNING 	 699027-logging01_rsyslog_container-88d3dc4d
RUNNING 	 699024-infra03_nova_cert_container-702c866a
RUNNING 	 699024-infra03_heat_engine_container-d863fa68
RUNNING 	 697188-infra01_heat_engine_container-4cd6a420
RUNNING 	 699023-infra02_glance_container-2e89455e
RUNNING 	 699024-infra03_nova_api_os_compute_container-80806edf
RUNNING 	 697188-infra01_memcached_container-420472b0
RUNNING 	 697188-infra01_repo_container-94c5bb6a
RUNNING 	 699023-infra02_rabbit_mq_container-94b2ed1d
RUNNING 	 697188-infra01_nova_api_os_compute_container-4b71cfa2
RUNNING 	 699023-infra02_nova_console_container-d8330e16
RUNNING 	 697188-infra01_glance_container-f9d9078c
RUNNING 	 697188-infra01_cinder_scheduler_container-888853dd
RUNNING 	 697188-infra01_neutron_server_container-8d02833a
RUNNING 	 699024-infra03_nova_api_metadata_container-089ba563
RUNNING 	 699027-logging01_logstash_container-cbf7aa56
----------------------------------------------------------------------------------------------------------------------------------------------------
STOPPED 	 699023-infra02_nova_api_os_compute_container-977ab849
STOPPED 	 699023-infra02_cinder_scheduler_container-c7e126c2
STOPPED 	 697188-infra01_swift_proxy_container-bbe30564
STOPPED 	 699024-infra03_neutron_agents_container-1bfc4c87
STOPPED 	 699023-infra02_galera_container-24f1838e
STOPPED 	 697188-infra01_rabbit_mq_container-72032cab
STOPPED 	 699027-logging01_elasticsearch_container-a4c7d7c5
STOPPED 	 699023-infra02_memcached_container-ce56bd0a
STOPPED 	 699024-infra03_nova_console_container-261d0071
STOPPED 	 699023-infra02_repo_container-397dfc94
----------------------------------------------------------------------------------------------------------------------------------------------------
about to start: 697188-infra01_swift_proxy_container-bbe30564
----------------------------------------------------------------------------------------------------------------------------------------------------
Sleep for 35 seconds
Sleep for 34 seconds
Sleep for 33 seconds
Sleep for 32 seconds
Sleep for 31 seconds
Sleep for 30 seconds
Sleep for 29 seconds
Sleep for 28 seconds
Sleep for 27 seconds
Sleep for 26 seconds
Sleep for 25 seconds
Sleep for 24 seconds
Sleep for 23 seconds
Sleep for 22 seconds
Sleep for 21 seconds
Sleep for 20 seconds
Sleep for 19 seconds
Sleep for 18 seconds
Sleep for 17 seconds
Sleep for 16 seconds
Sleep for 15 seconds
Sleep for 14 seconds
Sleep for 13 seconds
Sleep for 12 seconds
Sleep for 11 seconds
Sleep for 10 seconds
Sleep for 9 seconds
Sleep for 8 seconds
Sleep for 7 seconds
Sleep for 6 seconds
Sleep for 5 seconds
Sleep for 4 seconds
Sleep for 3 seconds
Sleep for 2 seconds
Sleep for 1 seconds
----------------------------------------------------------------------------------------------------------------------------------------------------
RUNNING 	 699024-infra03_cinder_api_container-f000e209
RUNNING 	 699023-infra02_heat_engine_container-e94b13ef
RUNNING 	 699024-infra03_utility_container-75a5f21d
RUNNING 	 699024-infra03_cinder_scheduler_container-a06cf063
RUNNING 	 699023-infra02_nova_cert_container-dfed590d
RUNNING 	 699024-infra03_repo_container-64dd89d5
RUNNING 	 699023-infra02_swift_proxy_container-2aac86ea
RUNNING 	 699024-infra03_keystone_container-dd1a680c
RUNNING 	 699023-infra02_nova_scheduler_container-7b663389
RUNNING 	 697188-infra01_heat_apis_container-5a79b4eb
RUNNING 	 697188-infra01_neutron_agents_container-13c9cda5
RUNNING 	 697188-infra01_nova_console_container-179690c3
RUNNING 	 699023-infra02_neutron_server_container-3a92c137
RUNNING 	 699024-infra03_swift_proxy_container-a7ea6ef0
RUNNING 	 697188-infra01_utility_container-a012b479
RUNNING 	 699024-infra03_heat_apis_container-6870b6e0
RUNNING 	 699024-infra03_glance_container-d2a062c8
RUNNING 	 699023-infra02_heat_apis_container-e80fbbba
RUNNING 	 697188-infra01_cinder_api_container-29436bd9
RUNNING 	 697188-infra01_horizon_container-0ad13554
RUNNING 	 697188-infra01_swift_proxy_container-bbe30564
RUNNING 	 699023-infra02_keystone_container-bfa46e91
RUNNING 	 699024-infra03_nova_conductor_container-b914f32f
RUNNING 	 699023-infra02_cinder_api_container-9b53e562
RUNNING 	 699024-infra03_neutron_server_container-6b33fd68
RUNNING 	 699023-infra02_neutron_agents_container-bcee498b
RUNNING 	 699027-logging01_kibana_container-30694829
RUNNING 	 699024-infra03_nova_scheduler_container-d9358ea7
RUNNING 	 697188-infra01_nova_scheduler_container-80463dee
RUNNING 	 699024-infra03_horizon_container-e7f1268a
RUNNING 	 697188-infra01_galera_container-17ce0a1a
RUNNING 	 699023-infra02_horizon_container-2fb984dd
RUNNING 	 699024-infra03_rabbit_mq_container-04425657
RUNNING 	 697188-infra01_nova_cert_container-34730dc8
RUNNING 	 699023-infra02_nova_api_metadata_container-985414d1
RUNNING 	 697188-infra01_nova_conductor_container-3f5f5b82
RUNNING 	 699023-infra02_nova_conductor_container-e0cc4050
RUNNING 	 697188-infra01_nova_api_metadata_container-7cda40e7
RUNNING 	 699023-infra02_utility_container-dd33dd44
RUNNING 	 699024-infra03_galera_container-9040bc81
RUNNING 	 697188-infra01_keystone_container-7339c5a1
RUNNING 	 699024-infra03_memcached_container-9d53a28c
RUNNING 	 699027-logging01_rsyslog_container-88d3dc4d
RUNNING 	 699024-infra03_nova_cert_container-702c866a
RUNNING 	 699024-infra03_heat_engine_container-d863fa68
RUNNING 	 697188-infra01_heat_engine_container-4cd6a420
RUNNING 	 699023-infra02_glance_container-2e89455e
RUNNING 	 699024-infra03_nova_api_os_compute_container-80806edf
RUNNING 	 697188-infra01_memcached_container-420472b0
RUNNING 	 697188-infra01_repo_container-94c5bb6a
RUNNING 	 699023-infra02_rabbit_mq_container-94b2ed1d
RUNNING 	 697188-infra01_nova_api_os_compute_container-4b71cfa2
RUNNING 	 699023-infra02_nova_console_container-d8330e16
RUNNING 	 697188-infra01_glance_container-f9d9078c
RUNNING 	 697188-infra01_cinder_scheduler_container-888853dd
RUNNING 	 697188-infra01_neutron_server_container-8d02833a
RUNNING 	 699024-infra03_nova_api_metadata_container-089ba563
RUNNING 	 699027-logging01_logstash_container-cbf7aa56
----------------------------------------------------------------------------------------------------------------------------------------------------
STOPPED 	 699023-infra02_nova_api_os_compute_container-977ab849
STOPPED 	 699023-infra02_cinder_scheduler_container-c7e126c2
STOPPED 	 699024-infra03_neutron_agents_container-1bfc4c87
STOPPED 	 699023-infra02_galera_container-24f1838e
STOPPED 	 697188-infra01_rabbit_mq_container-72032cab
STOPPED 	 699027-logging01_elasticsearch_container-a4c7d7c5
STOPPED 	 699023-infra02_memcached_container-ce56bd0a
STOPPED 	 699024-infra03_nova_console_container-261d0071
STOPPED 	 699023-infra02_repo_container-397dfc94
----------------------------------------------------------------------------------------------------------------------------------------------------
about to stop: 697188-infra01_nova_scheduler_container-80463dee
----------------------------------------------------------------------------------------------------------------------------------------------------
Sleep for 34 seconds
Sleep for 33 seconds
Sleep for 32 seconds
Sleep for 31 seconds
Sleep for 30 seconds
Sleep for 29 seconds
Sleep for 28 seconds
Sleep for 27 seconds
Sleep for 26 seconds
Sleep for 25 seconds
Sleep for 24 seconds
Sleep for 23 seconds
Sleep for 22 seconds
Sleep for 21 seconds
Sleep for 20 seconds
Sleep for 19 seconds
Sleep for 18 seconds
Sleep for 17 seconds
Sleep for 16 seconds
Sleep for 15 seconds
Sleep for 14 seconds
Sleep for 13 seconds
Sleep for 12 seconds
Sleep for 11 seconds
Sleep for 10 seconds
Sleep for 9 seconds
Sleep for 8 seconds
Sleep for 7 seconds
Sleep for 6 seconds
Sleep for 5 seconds
Sleep for 4 seconds
Sleep for 3 seconds
Sleep for 2 seconds
Sleep for 1 seconds
----------------------------------------------------------------------------------------------------------------------------------------------------
RUNNING 	 699024-infra03_cinder_api_container-f000e209
RUNNING 	 699023-infra02_heat_engine_container-e94b13ef
RUNNING 	 699024-infra03_utility_container-75a5f21d
RUNNING 	 699024-infra03_cinder_scheduler_container-a06cf063
RUNNING 	 699023-infra02_nova_cert_container-dfed590d
RUNNING 	 699024-infra03_repo_container-64dd89d5
RUNNING 	 699023-infra02_swift_proxy_container-2aac86ea
RUNNING 	 699024-infra03_keystone_container-dd1a680c
RUNNING 	 699023-infra02_nova_scheduler_container-7b663389
RUNNING 	 697188-infra01_heat_apis_container-5a79b4eb
RUNNING 	 697188-infra01_neutron_agents_container-13c9cda5
RUNNING 	 697188-infra01_nova_console_container-179690c3
RUNNING 	 699023-infra02_neutron_server_container-3a92c137
RUNNING 	 699024-infra03_swift_proxy_container-a7ea6ef0
RUNNING 	 697188-infra01_utility_container-a012b479
RUNNING 	 699024-infra03_heat_apis_container-6870b6e0
RUNNING 	 699024-infra03_glance_container-d2a062c8
RUNNING 	 699023-infra02_heat_apis_container-e80fbbba
RUNNING 	 697188-infra01_cinder_api_container-29436bd9
RUNNING 	 697188-infra01_horizon_container-0ad13554
RUNNING 	 697188-infra01_swift_proxy_container-bbe30564
RUNNING 	 699023-infra02_keystone_container-bfa46e91
RUNNING 	 699024-infra03_nova_conductor_container-b914f32f
RUNNING 	 699023-infra02_cinder_api_container-9b53e562
RUNNING 	 699024-infra03_neutron_server_container-6b33fd68
RUNNING 	 699023-infra02_neutron_agents_container-bcee498b
RUNNING 	 699027-logging01_kibana_container-30694829
RUNNING 	 699024-infra03_nova_scheduler_container-d9358ea7
RUNNING 	 699024-infra03_horizon_container-e7f1268a
RUNNING 	 697188-infra01_galera_container-17ce0a1a
RUNNING 	 699023-infra02_horizon_container-2fb984dd
RUNNING 	 699024-infra03_rabbit_mq_container-04425657
RUNNING 	 697188-infra01_nova_cert_container-34730dc8
RUNNING 	 699023-infra02_nova_api_metadata_container-985414d1
RUNNING 	 697188-infra01_nova_conductor_container-3f5f5b82
RUNNING 	 699023-infra02_nova_conductor_container-e0cc4050
RUNNING 	 697188-infra01_nova_api_metadata_container-7cda40e7
RUNNING 	 699023-infra02_utility_container-dd33dd44
RUNNING 	 699024-infra03_galera_container-9040bc81
RUNNING 	 697188-infra01_keystone_container-7339c5a1
RUNNING 	 699024-infra03_memcached_container-9d53a28c
RUNNING 	 699027-logging01_rsyslog_container-88d3dc4d
RUNNING 	 699024-infra03_nova_cert_container-702c866a
RUNNING 	 699024-infra03_heat_engine_container-d863fa68
RUNNING 	 697188-infra01_heat_engine_container-4cd6a420
RUNNING 	 699023-infra02_glance_container-2e89455e
RUNNING 	 699024-infra03_nova_api_os_compute_container-80806edf
RUNNING 	 697188-infra01_memcached_container-420472b0
RUNNING 	 697188-infra01_repo_container-94c5bb6a
RUNNING 	 699023-infra02_rabbit_mq_container-94b2ed1d
RUNNING 	 697188-infra01_nova_api_os_compute_container-4b71cfa2
RUNNING 	 699023-infra02_nova_console_container-d8330e16
RUNNING 	 697188-infra01_glance_container-f9d9078c
RUNNING 	 697188-infra01_cinder_scheduler_container-888853dd
RUNNING 	 697188-infra01_neutron_server_container-8d02833a
RUNNING 	 699024-infra03_nova_api_metadata_container-089ba563
RUNNING 	 699027-logging01_logstash_container-cbf7aa56
----------------------------------------------------------------------------------------------------------------------------------------------------
STOPPED 	 699023-infra02_nova_api_os_compute_container-977ab849
STOPPED 	 699023-infra02_cinder_scheduler_container-c7e126c2
STOPPED 	 697188-infra01_nova_scheduler_container-80463dee
STOPPED 	 699024-infra03_neutron_agents_container-1bfc4c87
STOPPED 	 699023-infra02_galera_container-24f1838e
STOPPED 	 697188-infra01_rabbit_mq_container-72032cab
STOPPED 	 699027-logging01_elasticsearch_container-a4c7d7c5
STOPPED 	 699023-infra02_memcached_container-ce56bd0a
STOPPED 	 699024-infra03_nova_console_container-261d0071
STOPPED 	 699023-infra02_repo_container-397dfc94
----------------------------------------------------------------------------------------------------------------------------------------------------
about to start: 699023-infra02_repo_container-397dfc94
----------------------------------------------------------------------------------------------------------------------------------------------------
Sleep for 24 seconds
Sleep for 23 seconds
Sleep for 22 seconds
Sleep for 21 seconds
Sleep for 20 seconds
Sleep for 19 seconds
Sleep for 18 seconds
Sleep for 17 seconds
Sleep for 16 seconds
Sleep for 15 seconds
Sleep for 14 seconds
Sleep for 13 seconds
Sleep for 12 seconds
Sleep for 11 seconds
Sleep for 10 seconds
Sleep for 9 seconds
Sleep for 8 seconds
Sleep for 7 seconds
Sleep for 6 seconds
Sleep for 5 seconds
Sleep for 4 seconds
Sleep for 3 seconds
Sleep for 2 seconds
Sleep for 1 seconds
----------------------------------------------------------------------------------------------------------------------------------------------------
RUNNING 	 699024-infra03_cinder_api_container-f000e209
RUNNING 	 699023-infra02_heat_engine_container-e94b13ef
RUNNING 	 699024-infra03_utility_container-75a5f21d
RUNNING 	 699024-infra03_cinder_scheduler_container-a06cf063
RUNNING 	 699023-infra02_nova_cert_container-dfed590d
RUNNING 	 699024-infra03_repo_container-64dd89d5
RUNNING 	 699023-infra02_swift_proxy_container-2aac86ea
RUNNING 	 699024-infra03_keystone_container-dd1a680c
RUNNING 	 699023-infra02_nova_scheduler_container-7b663389
RUNNING 	 697188-infra01_heat_apis_container-5a79b4eb
RUNNING 	 697188-infra01_neutron_agents_container-13c9cda5
RUNNING 	 697188-infra01_nova_console_container-179690c3
RUNNING 	 699023-infra02_neutron_server_container-3a92c137
RUNNING 	 699024-infra03_swift_proxy_container-a7ea6ef0
RUNNING 	 697188-infra01_utility_container-a012b479
RUNNING 	 699024-infra03_heat_apis_container-6870b6e0
RUNNING 	 699024-infra03_glance_container-d2a062c8
RUNNING 	 699023-infra02_heat_apis_container-e80fbbba
RUNNING 	 697188-infra01_cinder_api_container-29436bd9
RUNNING 	 697188-infra01_horizon_container-0ad13554
RUNNING 	 697188-infra01_swift_proxy_container-bbe30564
RUNNING 	 699023-infra02_keystone_container-bfa46e91
RUNNING 	 699024-infra03_nova_conductor_container-b914f32f
RUNNING 	 699023-infra02_cinder_api_container-9b53e562
RUNNING 	 699024-infra03_neutron_server_container-6b33fd68
RUNNING 	 699023-infra02_neutron_agents_container-bcee498b
RUNNING 	 699027-logging01_kibana_container-30694829
RUNNING 	 699024-infra03_nova_scheduler_container-d9358ea7
RUNNING 	 699024-infra03_horizon_container-e7f1268a
RUNNING 	 697188-infra01_galera_container-17ce0a1a
RUNNING 	 699023-infra02_horizon_container-2fb984dd
RUNNING 	 699024-infra03_rabbit_mq_container-04425657
RUNNING 	 697188-infra01_nova_cert_container-34730dc8
RUNNING 	 699023-infra02_nova_api_metadata_container-985414d1
RUNNING 	 697188-infra01_nova_conductor_container-3f5f5b82
RUNNING 	 699023-infra02_nova_conductor_container-e0cc4050
RUNNING 	 697188-infra01_nova_api_metadata_container-7cda40e7
RUNNING 	 699023-infra02_utility_container-dd33dd44
RUNNING 	 699024-infra03_galera_container-9040bc81
RUNNING 	 697188-infra01_keystone_container-7339c5a1
RUNNING 	 699024-infra03_memcached_container-9d53a28c
RUNNING 	 699027-logging01_rsyslog_container-88d3dc4d
RUNNING 	 699024-infra03_nova_cert_container-702c866a
RUNNING 	 699024-infra03_heat_engine_container-d863fa68
RUNNING 	 697188-infra01_heat_engine_container-4cd6a420
RUNNING 	 699023-infra02_glance_container-2e89455e
RUNNING 	 699024-infra03_nova_api_os_compute_container-80806edf
RUNNING 	 697188-infra01_memcached_container-420472b0
RUNNING 	 697188-infra01_repo_container-94c5bb6a
RUNNING 	 699023-infra02_rabbit_mq_container-94b2ed1d
RUNNING 	 697188-infra01_nova_api_os_compute_container-4b71cfa2
RUNNING 	 699023-infra02_nova_console_container-d8330e16
RUNNING 	 697188-infra01_glance_container-f9d9078c
RUNNING 	 697188-infra01_cinder_scheduler_container-888853dd
RUNNING 	 697188-infra01_neutron_server_container-8d02833a
RUNNING 	 699023-infra02_repo_container-397dfc94
RUNNING 	 699024-infra03_nova_api_metadata_container-089ba563
RUNNING 	 699027-logging01_logstash_container-cbf7aa56
----------------------------------------------------------------------------------------------------------------------------------------------------
STOPPED 	 699023-infra02_nova_api_os_compute_container-977ab849
STOPPED 	 699023-infra02_cinder_scheduler_container-c7e126c2
STOPPED 	 697188-infra01_nova_scheduler_container-80463dee
STOPPED 	 699024-infra03_neutron_agents_container-1bfc4c87
STOPPED 	 699023-infra02_galera_container-24f1838e
STOPPED 	 697188-infra01_rabbit_mq_container-72032cab
STOPPED 	 699027-logging01_elasticsearch_container-a4c7d7c5
STOPPED 	 699023-infra02_memcached_container-ce56bd0a
STOPPED 	 699024-infra03_nova_console_container-261d0071
----------------------------------------------------------------------------------------------------------------------------------------------------
about to start: 699024-infra03_nova_console_container-261d0071
----------------------------------------------------------------------------------------------------------------------------------------------------
Sleep for 27 seconds
Sleep for 26 seconds
Sleep for 25 seconds
Sleep for 24 seconds
Sleep for 23 seconds
Sleep for 22 seconds
Sleep for 21 seconds
Sleep for 20 seconds
Sleep for 19 seconds
Sleep for 18 seconds
Sleep for 17 seconds
Sleep for 16 seconds
Sleep for 15 seconds
Sleep for 14 seconds
Sleep for 13 seconds
Sleep for 12 seconds
Sleep for 11 seconds
Sleep for 10 seconds
Sleep for 9 seconds
Sleep for 8 seconds
Sleep for 7 seconds
Sleep for 6 seconds
Sleep for 5 seconds
Sleep for 4 seconds
Sleep for 3 seconds
Sleep for 2 seconds
Sleep for 1 seconds
----------------------------------------------------------------------------------------------------------------------------------------------------
RUNNING 	 699024-infra03_cinder_api_container-f000e209
RUNNING 	 699023-infra02_heat_engine_container-e94b13ef
RUNNING 	 699024-infra03_utility_container-75a5f21d
RUNNING 	 699024-infra03_cinder_scheduler_container-a06cf063
RUNNING 	 699023-infra02_nova_cert_container-dfed590d
RUNNING 	 699024-infra03_repo_container-64dd89d5
RUNNING 	 699023-infra02_swift_proxy_container-2aac86ea
RUNNING 	 699024-infra03_keystone_container-dd1a680c
RUNNING 	 699023-infra02_nova_scheduler_container-7b663389
RUNNING 	 697188-infra01_heat_apis_container-5a79b4eb
RUNNING 	 697188-infra01_neutron_agents_container-13c9cda5
RUNNING 	 697188-infra01_nova_console_container-179690c3
RUNNING 	 699023-infra02_neutron_server_container-3a92c137
RUNNING 	 699024-infra03_swift_proxy_container-a7ea6ef0
RUNNING 	 697188-infra01_utility_container-a012b479
RUNNING 	 699024-infra03_heat_apis_container-6870b6e0
RUNNING 	 699024-infra03_glance_container-d2a062c8
RUNNING 	 699023-infra02_heat_apis_container-e80fbbba
RUNNING 	 697188-infra01_cinder_api_container-29436bd9
RUNNING 	 697188-infra01_horizon_container-0ad13554
RUNNING 	 697188-infra01_swift_proxy_container-bbe30564
RUNNING 	 699023-infra02_keystone_container-bfa46e91
RUNNING 	 699024-infra03_nova_conductor_container-b914f32f
RUNNING 	 699023-infra02_cinder_api_container-9b53e562
RUNNING 	 699024-infra03_neutron_server_container-6b33fd68
RUNNING 	 699023-infra02_neutron_agents_container-bcee498b
RUNNING 	 699027-logging01_kibana_container-30694829
RUNNING 	 699024-infra03_nova_scheduler_container-d9358ea7
RUNNING 	 699024-infra03_horizon_container-e7f1268a
RUNNING 	 697188-infra01_galera_container-17ce0a1a
RUNNING 	 699023-infra02_horizon_container-2fb984dd
RUNNING 	 699024-infra03_rabbit_mq_container-04425657
RUNNING 	 697188-infra01_nova_cert_container-34730dc8
RUNNING 	 699023-infra02_nova_api_metadata_container-985414d1
RUNNING 	 697188-infra01_nova_conductor_container-3f5f5b82
RUNNING 	 699023-infra02_nova_conductor_container-e0cc4050
RUNNING 	 697188-infra01_nova_api_metadata_container-7cda40e7
RUNNING 	 699023-infra02_utility_container-dd33dd44
RUNNING 	 699024-infra03_galera_container-9040bc81
RUNNING 	 697188-infra01_keystone_container-7339c5a1
RUNNING 	 699024-infra03_memcached_container-9d53a28c
RUNNING 	 699027-logging01_rsyslog_container-88d3dc4d
RUNNING 	 699024-infra03_nova_cert_container-702c866a
RUNNING 	 699024-infra03_heat_engine_container-d863fa68
RUNNING 	 697188-infra01_heat_engine_container-4cd6a420
RUNNING 	 699023-infra02_glance_container-2e89455e
RUNNING 	 699024-infra03_nova_api_os_compute_container-80806edf
RUNNING 	 697188-infra01_memcached_container-420472b0
RUNNING 	 697188-infra01_repo_container-94c5bb6a
RUNNING 	 699023-infra02_rabbit_mq_container-94b2ed1d
RUNNING 	 697188-infra01_nova_api_os_compute_container-4b71cfa2
RUNNING 	 699023-infra02_nova_console_container-d8330e16
RUNNING 	 699024-infra03_nova_console_container-261d0071
RUNNING 	 697188-infra01_glance_container-f9d9078c
RUNNING 	 697188-infra01_cinder_scheduler_container-888853dd
RUNNING 	 697188-infra01_neutron_server_container-8d02833a
RUNNING 	 699023-infra02_repo_container-397dfc94
RUNNING 	 699024-infra03_nova_api_metadata_container-089ba563
RUNNING 	 699027-logging01_logstash_container-cbf7aa56
----------------------------------------------------------------------------------------------------------------------------------------------------
STOPPED 	 699023-infra02_nova_api_os_compute_container-977ab849
STOPPED 	 699023-infra02_cinder_scheduler_container-c7e126c2
STOPPED 	 697188-infra01_nova_scheduler_container-80463dee
STOPPED 	 699024-infra03_neutron_agents_container-1bfc4c87
STOPPED 	 699023-infra02_galera_container-24f1838e
STOPPED 	 697188-infra01_rabbit_mq_container-72032cab
STOPPED 	 699027-logging01_elasticsearch_container-a4c7d7c5
STOPPED 	 699023-infra02_memcached_container-ce56bd0a
----------------------------------------------------------------------------------------------------------------------------------------------------
about to start: 699023-infra02_galera_container-24f1838e
----------------------------------------------------------------------------------------------------------------------------------------------------
Sleep for 29 seconds
Sleep for 28 seconds
Sleep for 27 seconds
Sleep for 26 seconds
Sleep for 25 seconds
Sleep for 24 seconds
Sleep for 23 seconds
Sleep for 22 seconds
Sleep for 21 seconds
Sleep for 20 seconds
Sleep for 19 seconds
Sleep for 18 seconds
Sleep for 17 seconds
Sleep for 16 seconds
Sleep for 15 seconds
Sleep for 14 seconds
Sleep for 13 seconds
Sleep for 12 seconds
Sleep for 11 seconds
Sleep for 10 seconds
Sleep for 9 seconds
Sleep for 8 seconds
Sleep for 7 seconds
Sleep for 6 seconds
Sleep for 5 seconds
Sleep for 4 seconds
Sleep for 3 seconds
Sleep for 2 seconds
Sleep for 1 seconds
----------------------------------------------------------------------------------------------------------------------------------------------------
RUNNING 	 699024-infra03_cinder_api_container-f000e209
RUNNING 	 699023-infra02_heat_engine_container-e94b13ef
RUNNING 	 699024-infra03_utility_container-75a5f21d
RUNNING 	 699024-infra03_cinder_scheduler_container-a06cf063
RUNNING 	 699023-infra02_nova_cert_container-dfed590d
RUNNING 	 699024-infra03_repo_container-64dd89d5
RUNNING 	 699023-infra02_swift_proxy_container-2aac86ea
RUNNING 	 699024-infra03_keystone_container-dd1a680c
RUNNING 	 699023-infra02_nova_scheduler_container-7b663389
RUNNING 	 697188-infra01_heat_apis_container-5a79b4eb
RUNNING 	 697188-infra01_neutron_agents_container-13c9cda5
RUNNING 	 697188-infra01_nova_console_container-179690c3
RUNNING 	 699023-infra02_neutron_server_container-3a92c137
RUNNING 	 699024-infra03_swift_proxy_container-a7ea6ef0
RUNNING 	 697188-infra01_utility_container-a012b479
RUNNING 	 699024-infra03_heat_apis_container-6870b6e0
RUNNING 	 699024-infra03_glance_container-d2a062c8
RUNNING 	 699023-infra02_heat_apis_container-e80fbbba
RUNNING 	 697188-infra01_cinder_api_container-29436bd9
RUNNING 	 697188-infra01_horizon_container-0ad13554
RUNNING 	 697188-infra01_swift_proxy_container-bbe30564
RUNNING 	 699023-infra02_keystone_container-bfa46e91
RUNNING 	 699024-infra03_nova_conductor_container-b914f32f
RUNNING 	 699023-infra02_cinder_api_container-9b53e562
RUNNING 	 699024-infra03_neutron_server_container-6b33fd68
RUNNING 	 699023-infra02_neutron_agents_container-bcee498b
RUNNING 	 699027-logging01_kibana_container-30694829
RUNNING 	 699024-infra03_nova_scheduler_container-d9358ea7
RUNNING 	 699024-infra03_horizon_container-e7f1268a
RUNNING 	 697188-infra01_galera_container-17ce0a1a
RUNNING 	 699023-infra02_horizon_container-2fb984dd
RUNNING 	 699024-infra03_rabbit_mq_container-04425657
RUNNING 	 697188-infra01_nova_cert_container-34730dc8
RUNNING 	 699023-infra02_nova_api_metadata_container-985414d1
RUNNING 	 697188-infra01_nova_conductor_container-3f5f5b82
RUNNING 	 699023-infra02_nova_conductor_container-e0cc4050
RUNNING 	 697188-infra01_nova_api_metadata_container-7cda40e7
RUNNING 	 699023-infra02_utility_container-dd33dd44
RUNNING 	 699023-infra02_galera_container-24f1838e
RUNNING 	 699024-infra03_galera_container-9040bc81
RUNNING 	 697188-infra01_keystone_container-7339c5a1
RUNNING 	 699024-infra03_memcached_container-9d53a28c
RUNNING 	 699027-logging01_rsyslog_container-88d3dc4d
RUNNING 	 699024-infra03_nova_cert_container-702c866a
RUNNING 	 699024-infra03_heat_engine_container-d863fa68
RUNNING 	 697188-infra01_heat_engine_container-4cd6a420
RUNNING 	 699023-infra02_glance_container-2e89455e
RUNNING 	 699024-infra03_nova_api_os_compute_container-80806edf
RUNNING 	 697188-infra01_memcached_container-420472b0
RUNNING 	 697188-infra01_repo_container-94c5bb6a
RUNNING 	 699023-infra02_rabbit_mq_container-94b2ed1d
RUNNING 	 697188-infra01_nova_api_os_compute_container-4b71cfa2
RUNNING 	 699023-infra02_nova_console_container-d8330e16
RUNNING 	 699024-infra03_nova_console_container-261d0071
RUNNING 	 697188-infra01_glance_container-f9d9078c
RUNNING 	 697188-infra01_cinder_scheduler_container-888853dd
RUNNING 	 697188-infra01_neutron_server_container-8d02833a
RUNNING 	 699023-infra02_repo_container-397dfc94
RUNNING 	 699024-infra03_nova_api_metadata_container-089ba563
RUNNING 	 699027-logging01_logstash_container-cbf7aa56
----------------------------------------------------------------------------------------------------------------------------------------------------
STOPPED 	 699023-infra02_nova_api_os_compute_container-977ab849
STOPPED 	 699023-infra02_cinder_scheduler_container-c7e126c2
STOPPED 	 697188-infra01_nova_scheduler_container-80463dee
STOPPED 	 699024-infra03_neutron_agents_container-1bfc4c87
STOPPED 	 697188-infra01_rabbit_mq_container-72032cab
STOPPED 	 699027-logging01_elasticsearch_container-a4c7d7c5
STOPPED 	 699023-infra02_memcached_container-ce56bd0a
----------------------------------------------------------------------------------------------------------------------------------------------------
about to stop: 699024-infra03_nova_conductor_container-b914f32f
----------------------------------------------------------------------------------------------------------------------------------------------------
Sleep for 38 seconds
Sleep for 37 seconds
Sleep for 36 seconds
Sleep for 35 seconds
Sleep for 34 seconds
Sleep for 33 seconds
Sleep for 32 seconds
Sleep for 31 seconds
Sleep for 30 seconds
Sleep for 29 seconds
Sleep for 28 seconds
Sleep for 27 seconds
Sleep for 26 seconds
Sleep for 25 seconds
Sleep for 24 seconds
Sleep for 23 seconds
Sleep for 22 seconds
Sleep for 21 seconds
Sleep for 20 seconds
Sleep for 19 seconds
Sleep for 18 seconds
Sleep for 17 seconds
Sleep for 16 seconds
Sleep for 15 seconds
Sleep for 14 seconds
Sleep for 13 seconds
Sleep for 12 seconds
Sleep for 11 seconds
Sleep for 10 seconds
Sleep for 9 seconds
Sleep for 8 seconds
Sleep for 7 seconds
Sleep for 6 seconds
Sleep for 5 seconds
Sleep for 4 seconds
Sleep for 3 seconds
Sleep for 2 seconds
Sleep for 1 seconds
----------------------------------------------------------------------------------------------------------------------------------------------------
RUNNING 	 699024-infra03_cinder_api_container-f000e209
RUNNING 	 699023-infra02_heat_engine_container-e94b13ef
RUNNING 	 699024-infra03_utility_container-75a5f21d
RUNNING 	 699024-infra03_cinder_scheduler_container-a06cf063
RUNNING 	 699023-infra02_nova_cert_container-dfed590d
RUNNING 	 699024-infra03_repo_container-64dd89d5
RUNNING 	 699023-infra02_swift_proxy_container-2aac86ea
RUNNING 	 699024-infra03_keystone_container-dd1a680c
RUNNING 	 699023-infra02_nova_scheduler_container-7b663389
RUNNING 	 697188-infra01_heat_apis_container-5a79b4eb
RUNNING 	 697188-infra01_neutron_agents_container-13c9cda5
RUNNING 	 697188-infra01_nova_console_container-179690c3
RUNNING 	 699023-infra02_neutron_server_container-3a92c137
RUNNING 	 699024-infra03_swift_proxy_container-a7ea6ef0
RUNNING 	 697188-infra01_utility_container-a012b479
RUNNING 	 699024-infra03_heat_apis_container-6870b6e0
RUNNING 	 699024-infra03_glance_container-d2a062c8
RUNNING 	 699023-infra02_heat_apis_container-e80fbbba
RUNNING 	 697188-infra01_cinder_api_container-29436bd9
RUNNING 	 697188-infra01_horizon_container-0ad13554
RUNNING 	 697188-infra01_swift_proxy_container-bbe30564
RUNNING 	 699023-infra02_keystone_container-bfa46e91
RUNNING 	 699023-infra02_cinder_api_container-9b53e562
RUNNING 	 699024-infra03_neutron_server_container-6b33fd68
RUNNING 	 699023-infra02_neutron_agents_container-bcee498b
RUNNING 	 699027-logging01_kibana_container-30694829
RUNNING 	 699024-infra03_nova_scheduler_container-d9358ea7
RUNNING 	 699024-infra03_horizon_container-e7f1268a
RUNNING 	 697188-infra01_galera_container-17ce0a1a
RUNNING 	 699023-infra02_horizon_container-2fb984dd
RUNNING 	 699024-infra03_rabbit_mq_container-04425657
RUNNING 	 697188-infra01_nova_cert_container-34730dc8
RUNNING 	 699023-infra02_nova_api_metadata_container-985414d1
RUNNING 	 697188-infra01_nova_conductor_container-3f5f5b82
RUNNING 	 699023-infra02_nova_conductor_container-e0cc4050
RUNNING 	 697188-infra01_nova_api_metadata_container-7cda40e7
RUNNING 	 699023-infra02_utility_container-dd33dd44
RUNNING 	 699023-infra02_galera_container-24f1838e
RUNNING 	 699024-infra03_galera_container-9040bc81
RUNNING 	 697188-infra01_keystone_container-7339c5a1
RUNNING 	 699024-infra03_memcached_container-9d53a28c
RUNNING 	 699027-logging01_rsyslog_container-88d3dc4d
RUNNING 	 699024-infra03_nova_cert_container-702c866a
RUNNING 	 699024-infra03_heat_engine_container-d863fa68
RUNNING 	 697188-infra01_heat_engine_container-4cd6a420
RUNNING 	 699023-infra02_glance_container-2e89455e
RUNNING 	 699024-infra03_nova_api_os_compute_container-80806edf
RUNNING 	 697188-infra01_memcached_container-420472b0
RUNNING 	 697188-infra01_repo_container-94c5bb6a
RUNNING 	 699023-infra02_rabbit_mq_container-94b2ed1d
RUNNING 	 697188-infra01_nova_api_os_compute_container-4b71cfa2
RUNNING 	 699023-infra02_nova_console_container-d8330e16
RUNNING 	 699024-infra03_nova_console_container-261d0071
RUNNING 	 697188-infra01_glance_container-f9d9078c
RUNNING 	 697188-infra01_cinder_scheduler_container-888853dd
RUNNING 	 697188-infra01_neutron_server_container-8d02833a
RUNNING 	 699023-infra02_repo_container-397dfc94
RUNNING 	 699024-infra03_nova_api_metadata_container-089ba563
RUNNING 	 699027-logging01_logstash_container-cbf7aa56
----------------------------------------------------------------------------------------------------------------------------------------------------
STOPPED 	 699023-infra02_nova_api_os_compute_container-977ab849
STOPPED 	 699023-infra02_cinder_scheduler_container-c7e126c2
STOPPED 	 699024-infra03_nova_conductor_container-b914f32f
STOPPED 	 697188-infra01_nova_scheduler_container-80463dee
STOPPED 	 699024-infra03_neutron_agents_container-1bfc4c87
STOPPED 	 697188-infra01_rabbit_mq_container-72032cab
STOPPED 	 699027-logging01_elasticsearch_container-a4c7d7c5
STOPPED 	 699023-infra02_memcached_container-ce56bd0a
----------------------------------------------------------------------------------------------------------------------------------------------------
about to start: 697188-infra01_nova_scheduler_container-80463dee
----------------------------------------------------------------------------------------------------------------------------------------------------
Sleep for 37 seconds
Sleep for 36 seconds
Sleep for 35 seconds
Sleep for 34 seconds
Sleep for 33 seconds
Sleep for 32 seconds
Sleep for 31 seconds
Sleep for 30 seconds
Sleep for 29 seconds
Sleep for 28 seconds
Sleep for 27 seconds
Sleep for 26 seconds
Sleep for 25 seconds
Sleep for 24 seconds
Sleep for 23 seconds
Sleep for 22 seconds
Sleep for 21 seconds
Sleep for 20 seconds
Sleep for 19 seconds
Sleep for 18 seconds
Sleep for 17 seconds
Sleep for 16 seconds
Sleep for 15 seconds
Sleep for 14 seconds
Sleep for 13 seconds
Sleep for 12 seconds
Sleep for 11 seconds
Sleep for 10 seconds
Sleep for 9 seconds
Sleep for 8 seconds
Sleep for 7 seconds
Sleep for 6 seconds
Sleep for 5 seconds
Sleep for 4 seconds
Sleep for 3 seconds
Sleep for 2 seconds
Sleep for 1 seconds
----------------------------------------------------------------------------------------------------------------------------------------------------
RUNNING 	 699024-infra03_cinder_api_container-f000e209
RUNNING 	 699023-infra02_heat_engine_container-e94b13ef
RUNNING 	 699024-infra03_utility_container-75a5f21d
RUNNING 	 699024-infra03_cinder_scheduler_container-a06cf063
RUNNING 	 699023-infra02_nova_cert_container-dfed590d
RUNNING 	 699024-infra03_repo_container-64dd89d5
RUNNING 	 699023-infra02_swift_proxy_container-2aac86ea
RUNNING 	 699024-infra03_keystone_container-dd1a680c
RUNNING 	 699023-infra02_nova_scheduler_container-7b663389
RUNNING 	 697188-infra01_heat_apis_container-5a79b4eb
RUNNING 	 697188-infra01_neutron_agents_container-13c9cda5
RUNNING 	 697188-infra01_nova_console_container-179690c3
RUNNING 	 699023-infra02_neutron_server_container-3a92c137
RUNNING 	 699024-infra03_swift_proxy_container-a7ea6ef0
RUNNING 	 697188-infra01_utility_container-a012b479
RUNNING 	 699024-infra03_heat_apis_container-6870b6e0
RUNNING 	 699024-infra03_glance_container-d2a062c8
RUNNING 	 699023-infra02_heat_apis_container-e80fbbba
RUNNING 	 697188-infra01_cinder_api_container-29436bd9
RUNNING 	 697188-infra01_horizon_container-0ad13554
RUNNING 	 697188-infra01_swift_proxy_container-bbe30564
RUNNING 	 699023-infra02_keystone_container-bfa46e91
RUNNING 	 699023-infra02_cinder_api_container-9b53e562
RUNNING 	 699024-infra03_neutron_server_container-6b33fd68
RUNNING 	 699023-infra02_neutron_agents_container-bcee498b
RUNNING 	 699027-logging01_kibana_container-30694829
RUNNING 	 699024-infra03_nova_scheduler_container-d9358ea7
RUNNING 	 697188-infra01_nova_scheduler_container-80463dee
RUNNING 	 699024-infra03_horizon_container-e7f1268a
RUNNING 	 697188-infra01_galera_container-17ce0a1a
RUNNING 	 699023-infra02_horizon_container-2fb984dd
RUNNING 	 699024-infra03_rabbit_mq_container-04425657
RUNNING 	 697188-infra01_nova_cert_container-34730dc8
RUNNING 	 699023-infra02_nova_api_metadata_container-985414d1
RUNNING 	 697188-infra01_nova_conductor_container-3f5f5b82
RUNNING 	 699023-infra02_nova_conductor_container-e0cc4050
RUNNING 	 697188-infra01_nova_api_metadata_container-7cda40e7
RUNNING 	 699023-infra02_utility_container-dd33dd44
RUNNING 	 699023-infra02_galera_container-24f1838e
RUNNING 	 699024-infra03_galera_container-9040bc81
RUNNING 	 697188-infra01_keystone_container-7339c5a1
RUNNING 	 699024-infra03_memcached_container-9d53a28c
RUNNING 	 699027-logging01_rsyslog_container-88d3dc4d
RUNNING 	 699024-infra03_nova_cert_container-702c866a
RUNNING 	 699024-infra03_heat_engine_container-d863fa68
RUNNING 	 697188-infra01_heat_engine_container-4cd6a420
RUNNING 	 699023-infra02_glance_container-2e89455e
RUNNING 	 699024-infra03_nova_api_os_compute_container-80806edf
RUNNING 	 697188-infra01_memcached_container-420472b0
RUNNING 	 697188-infra01_repo_container-94c5bb6a
RUNNING 	 699023-infra02_rabbit_mq_container-94b2ed1d
RUNNING 	 697188-infra01_nova_api_os_compute_container-4b71cfa2
RUNNING 	 699023-infra02_nova_console_container-d8330e16
RUNNING 	 699024-infra03_nova_console_container-261d0071
RUNNING 	 697188-infra01_glance_container-f9d9078c
RUNNING 	 697188-infra01_cinder_scheduler_container-888853dd
RUNNING 	 697188-infra01_neutron_server_container-8d02833a
RUNNING 	 699023-infra02_repo_container-397dfc94
RUNNING 	 699024-infra03_nova_api_metadata_container-089ba563
RUNNING 	 699027-logging01_logstash_container-cbf7aa56
----------------------------------------------------------------------------------------------------------------------------------------------------
STOPPED 	 699023-infra02_nova_api_os_compute_container-977ab849
STOPPED 	 699023-infra02_cinder_scheduler_container-c7e126c2
STOPPED 	 699024-infra03_nova_conductor_container-b914f32f
STOPPED 	 699024-infra03_neutron_agents_container-1bfc4c87
STOPPED 	 697188-infra01_rabbit_mq_container-72032cab
STOPPED 	 699027-logging01_elasticsearch_container-a4c7d7c5
STOPPED 	 699023-infra02_memcached_container-ce56bd0a
----------------------------------------------------------------------------------------------------------------------------------------------------
about to start: 699023-infra02_memcached_container-ce56bd0a
----------------------------------------------------------------------------------------------------------------------------------------------------
Sleep for 38 seconds
Sleep for 37 seconds
Sleep for 36 seconds
Sleep for 35 seconds
Sleep for 34 seconds
Sleep for 33 seconds
Sleep for 32 seconds
Sleep for 31 seconds
Sleep for 30 seconds
Sleep for 29 seconds
Sleep for 28 seconds
Sleep for 27 seconds
Sleep for 26 seconds
Sleep for 25 seconds
Sleep for 24 seconds
Sleep for 23 seconds
Sleep for 22 seconds
Sleep for 21 seconds
Sleep for 20 seconds
Sleep for 19 seconds
Sleep for 18 seconds
Sleep for 17 seconds
Sleep for 16 seconds
Sleep for 15 seconds
Sleep for 14 seconds
Sleep for 13 seconds
Sleep for 12 seconds
Sleep for 11 seconds
Sleep for 10 seconds
Sleep for 9 seconds
Sleep for 8 seconds
Sleep for 7 seconds
Sleep for 6 seconds
Sleep for 5 seconds
Sleep for 4 seconds
Sleep for 3 seconds
Sleep for 2 seconds
Sleep for 1 seconds
----------------------------------------------------------------------------------------------------------------------------------------------------
RUNNING 	 699024-infra03_cinder_api_container-f000e209
RUNNING 	 699023-infra02_heat_engine_container-e94b13ef
RUNNING 	 699024-infra03_utility_container-75a5f21d
RUNNING 	 699024-infra03_cinder_scheduler_container-a06cf063
RUNNING 	 699023-infra02_nova_cert_container-dfed590d
RUNNING 	 699024-infra03_repo_container-64dd89d5
RUNNING 	 699023-infra02_swift_proxy_container-2aac86ea
RUNNING 	 699024-infra03_keystone_container-dd1a680c
RUNNING 	 699023-infra02_nova_scheduler_container-7b663389
RUNNING 	 697188-infra01_heat_apis_container-5a79b4eb
RUNNING 	 697188-infra01_neutron_agents_container-13c9cda5
RUNNING 	 697188-infra01_nova_console_container-179690c3
RUNNING 	 699023-infra02_neutron_server_container-3a92c137
RUNNING 	 699024-infra03_swift_proxy_container-a7ea6ef0
RUNNING 	 697188-infra01_utility_container-a012b479
RUNNING 	 699024-infra03_heat_apis_container-6870b6e0
RUNNING 	 699024-infra03_glance_container-d2a062c8
RUNNING 	 699023-infra02_heat_apis_container-e80fbbba
RUNNING 	 697188-infra01_cinder_api_container-29436bd9
RUNNING 	 697188-infra01_horizon_container-0ad13554
RUNNING 	 697188-infra01_swift_proxy_container-bbe30564
RUNNING 	 699023-infra02_keystone_container-bfa46e91
RUNNING 	 699023-infra02_cinder_api_container-9b53e562
RUNNING 	 699024-infra03_neutron_server_container-6b33fd68
RUNNING 	 699023-infra02_neutron_agents_container-bcee498b
RUNNING 	 699027-logging01_kibana_container-30694829
RUNNING 	 699024-infra03_nova_scheduler_container-d9358ea7
RUNNING 	 697188-infra01_nova_scheduler_container-80463dee
RUNNING 	 699024-infra03_horizon_container-e7f1268a
RUNNING 	 697188-infra01_galera_container-17ce0a1a
RUNNING 	 699023-infra02_horizon_container-2fb984dd
RUNNING 	 699024-infra03_rabbit_mq_container-04425657
RUNNING 	 697188-infra01_nova_cert_container-34730dc8
RUNNING 	 699023-infra02_nova_api_metadata_container-985414d1
RUNNING 	 697188-infra01_nova_conductor_container-3f5f5b82
RUNNING 	 699023-infra02_nova_conductor_container-e0cc4050
RUNNING 	 697188-infra01_nova_api_metadata_container-7cda40e7
RUNNING 	 699023-infra02_utility_container-dd33dd44
RUNNING 	 699023-infra02_galera_container-24f1838e
RUNNING 	 699024-infra03_galera_container-9040bc81
RUNNING 	 697188-infra01_keystone_container-7339c5a1
RUNNING 	 699024-infra03_memcached_container-9d53a28c
RUNNING 	 699027-logging01_rsyslog_container-88d3dc4d
RUNNING 	 699024-infra03_nova_cert_container-702c866a
RUNNING 	 699024-infra03_heat_engine_container-d863fa68
RUNNING 	 697188-infra01_heat_engine_container-4cd6a420
RUNNING 	 699023-infra02_glance_container-2e89455e
RUNNING 	 699024-infra03_nova_api_os_compute_container-80806edf
RUNNING 	 697188-infra01_memcached_container-420472b0
RUNNING 	 697188-infra01_repo_container-94c5bb6a
RUNNING 	 699023-infra02_rabbit_mq_container-94b2ed1d
RUNNING 	 697188-infra01_nova_api_os_compute_container-4b71cfa2
RUNNING 	 699023-infra02_memcached_container-ce56bd0a
RUNNING 	 699023-infra02_nova_console_container-d8330e16
RUNNING 	 699024-infra03_nova_console_container-261d0071
RUNNING 	 697188-infra01_glance_container-f9d9078c
RUNNING 	 697188-infra01_cinder_scheduler_container-888853dd
RUNNING 	 697188-infra01_neutron_server_container-8d02833a
RUNNING 	 699023-infra02_repo_container-397dfc94
RUNNING 	 699024-infra03_nova_api_metadata_container-089ba563
RUNNING 	 699027-logging01_logstash_container-cbf7aa56
----------------------------------------------------------------------------------------------------------------------------------------------------
STOPPED 	 699023-infra02_nova_api_os_compute_container-977ab849
STOPPED 	 699023-infra02_cinder_scheduler_container-c7e126c2
STOPPED 	 699024-infra03_nova_conductor_container-b914f32f
STOPPED 	 699024-infra03_neutron_agents_container-1bfc4c87
STOPPED 	 697188-infra01_rabbit_mq_container-72032cab
STOPPED 	 699027-logging01_elasticsearch_container-a4c7d7c5
----------------------------------------------------------------------------------------------------------------------------------------------------
about to start: 699024-infra03_neutron_agents_container-1bfc4c87
----------------------------------------------------------------------------------------------------------------------------------------------------
Sleep for 30 seconds
Sleep for 29 seconds
Sleep for 28 seconds
Sleep for 27 seconds
Sleep for 26 seconds
Sleep for 25 seconds
Sleep for 24 seconds
Sleep for 23 seconds
Sleep for 22 seconds
Sleep for 21 seconds
Sleep for 20 seconds
Sleep for 19 seconds
Sleep for 18 seconds
Sleep for 17 seconds
Sleep for 16 seconds
Sleep for 15 seconds
Sleep for 14 seconds
Sleep for 13 seconds
Sleep for 12 seconds
Sleep for 11 seconds
Sleep for 10 seconds
Sleep for 9 seconds
Sleep for 8 seconds
Sleep for 7 seconds
Sleep for 6 seconds
Sleep for 5 seconds
Sleep for 4 seconds
Sleep for 3 seconds
Sleep for 2 seconds
Sleep for 1 seconds
----------------------------------------------------------------------------------------------------------------------------------------------------
RUNNING 	 699024-infra03_cinder_api_container-f000e209
RUNNING 	 699023-infra02_heat_engine_container-e94b13ef
RUNNING 	 699024-infra03_utility_container-75a5f21d
RUNNING 	 699024-infra03_cinder_scheduler_container-a06cf063
RUNNING 	 699023-infra02_nova_cert_container-dfed590d
RUNNING 	 699024-infra03_repo_container-64dd89d5
RUNNING 	 699023-infra02_swift_proxy_container-2aac86ea
RUNNING 	 699024-infra03_keystone_container-dd1a680c
RUNNING 	 699023-infra02_nova_scheduler_container-7b663389
RUNNING 	 697188-infra01_heat_apis_container-5a79b4eb
RUNNING 	 697188-infra01_neutron_agents_container-13c9cda5
RUNNING 	 697188-infra01_nova_console_container-179690c3
RUNNING 	 699023-infra02_neutron_server_container-3a92c137
RUNNING 	 699024-infra03_swift_proxy_container-a7ea6ef0
RUNNING 	 697188-infra01_utility_container-a012b479
RUNNING 	 699024-infra03_heat_apis_container-6870b6e0
RUNNING 	 699024-infra03_glance_container-d2a062c8
RUNNING 	 699023-infra02_heat_apis_container-e80fbbba
RUNNING 	 697188-infra01_cinder_api_container-29436bd9
RUNNING 	 697188-infra01_horizon_container-0ad13554
RUNNING 	 697188-infra01_swift_proxy_container-bbe30564
RUNNING 	 699023-infra02_keystone_container-bfa46e91
RUNNING 	 699023-infra02_cinder_api_container-9b53e562
RUNNING 	 699024-infra03_neutron_server_container-6b33fd68
RUNNING 	 699023-infra02_neutron_agents_container-bcee498b
RUNNING 	 699027-logging01_kibana_container-30694829
RUNNING 	 699024-infra03_nova_scheduler_container-d9358ea7
RUNNING 	 697188-infra01_nova_scheduler_container-80463dee
RUNNING 	 699024-infra03_horizon_container-e7f1268a
RUNNING 	 697188-infra01_galera_container-17ce0a1a
RUNNING 	 699023-infra02_horizon_container-2fb984dd
RUNNING 	 699024-infra03_rabbit_mq_container-04425657
RUNNING 	 699024-infra03_neutron_agents_container-1bfc4c87
RUNNING 	 697188-infra01_nova_cert_container-34730dc8
RUNNING 	 699023-infra02_nova_api_metadata_container-985414d1
RUNNING 	 697188-infra01_nova_conductor_container-3f5f5b82
RUNNING 	 699023-infra02_nova_conductor_container-e0cc4050
RUNNING 	 697188-infra01_nova_api_metadata_container-7cda40e7
RUNNING 	 699023-infra02_utility_container-dd33dd44
RUNNING 	 699023-infra02_galera_container-24f1838e
RUNNING 	 699024-infra03_galera_container-9040bc81
RUNNING 	 697188-infra01_keystone_container-7339c5a1
RUNNING 	 699024-infra03_memcached_container-9d53a28c
RUNNING 	 699027-logging01_rsyslog_container-88d3dc4d
RUNNING 	 699024-infra03_nova_cert_container-702c866a
RUNNING 	 699024-infra03_heat_engine_container-d863fa68
RUNNING 	 697188-infra01_heat_engine_container-4cd6a420
RUNNING 	 699023-infra02_glance_container-2e89455e
RUNNING 	 699024-infra03_nova_api_os_compute_container-80806edf
RUNNING 	 697188-infra01_memcached_container-420472b0
RUNNING 	 697188-infra01_repo_container-94c5bb6a
RUNNING 	 699023-infra02_rabbit_mq_container-94b2ed1d
RUNNING 	 697188-infra01_nova_api_os_compute_container-4b71cfa2
RUNNING 	 699023-infra02_memcached_container-ce56bd0a
RUNNING 	 699023-infra02_nova_console_container-d8330e16
RUNNING 	 699024-infra03_nova_console_container-261d0071
RUNNING 	 697188-infra01_glance_container-f9d9078c
RUNNING 	 697188-infra01_cinder_scheduler_container-888853dd
RUNNING 	 697188-infra01_neutron_server_container-8d02833a
RUNNING 	 699023-infra02_repo_container-397dfc94
RUNNING 	 699024-infra03_nova_api_metadata_container-089ba563
RUNNING 	 699027-logging01_logstash_container-cbf7aa56
----------------------------------------------------------------------------------------------------------------------------------------------------
STOPPED 	 699023-infra02_nova_api_os_compute_container-977ab849
STOPPED 	 699023-infra02_cinder_scheduler_container-c7e126c2
STOPPED 	 699024-infra03_nova_conductor_container-b914f32f
STOPPED 	 697188-infra01_rabbit_mq_container-72032cab
STOPPED 	 699027-logging01_elasticsearch_container-a4c7d7c5
----------------------------------------------------------------------------------------------------------------------------------------------------
about to start: 699023-infra02_nova_api_os_compute_container-977ab849
----------------------------------------------------------------------------------------------------------------------------------------------------
Sleep for 38 seconds
Sleep for 37 seconds
Sleep for 36 seconds
Sleep for 35 seconds
Sleep for 34 seconds
Sleep for 33 seconds
Sleep for 32 seconds
Sleep for 31 seconds
Sleep for 30 seconds
Sleep for 29 seconds
Sleep for 28 seconds
Sleep for 27 seconds
Sleep for 26 seconds
Sleep for 25 seconds
Sleep for 24 seconds
Sleep for 23 seconds
Sleep for 22 seconds
Sleep for 21 seconds
Sleep for 20 seconds
Sleep for 19 seconds
Sleep for 18 seconds
Sleep for 17 seconds
Sleep for 16 seconds
Sleep for 15 seconds
Sleep for 14 seconds
Sleep for 13 seconds
Sleep for 12 seconds
Sleep for 11 seconds
Sleep for 10 seconds
Sleep for 9 seconds
Sleep for 8 seconds
Sleep for 7 seconds
Sleep for 6 seconds
Sleep for 5 seconds
Sleep for 4 seconds
Sleep for 3 seconds
Sleep for 2 seconds
Sleep for 1 seconds
----------------------------------------------------------------------------------------------------------------------------------------------------
RUNNING 	 699024-infra03_cinder_api_container-f000e209
RUNNING 	 699023-infra02_heat_engine_container-e94b13ef
RUNNING 	 699024-infra03_utility_container-75a5f21d
RUNNING 	 699024-infra03_cinder_scheduler_container-a06cf063
RUNNING 	 699023-infra02_nova_cert_container-dfed590d
RUNNING 	 699024-infra03_repo_container-64dd89d5
RUNNING 	 699023-infra02_swift_proxy_container-2aac86ea
RUNNING 	 699024-infra03_keystone_container-dd1a680c
RUNNING 	 699023-infra02_nova_scheduler_container-7b663389
RUNNING 	 697188-infra01_heat_apis_container-5a79b4eb
RUNNING 	 697188-infra01_neutron_agents_container-13c9cda5
RUNNING 	 699023-infra02_nova_api_os_compute_container-977ab849
RUNNING 	 697188-infra01_nova_console_container-179690c3
RUNNING 	 699023-infra02_neutron_server_container-3a92c137
RUNNING 	 699024-infra03_swift_proxy_container-a7ea6ef0
RUNNING 	 697188-infra01_utility_container-a012b479
RUNNING 	 699024-infra03_heat_apis_container-6870b6e0
RUNNING 	 699024-infra03_glance_container-d2a062c8
RUNNING 	 699023-infra02_heat_apis_container-e80fbbba
RUNNING 	 697188-infra01_cinder_api_container-29436bd9
RUNNING 	 697188-infra01_horizon_container-0ad13554
RUNNING 	 697188-infra01_swift_proxy_container-bbe30564
RUNNING 	 699023-infra02_keystone_container-bfa46e91
RUNNING 	 699023-infra02_cinder_api_container-9b53e562
RUNNING 	 699024-infra03_neutron_server_container-6b33fd68
RUNNING 	 699023-infra02_neutron_agents_container-bcee498b
RUNNING 	 699027-logging01_kibana_container-30694829
RUNNING 	 699024-infra03_nova_scheduler_container-d9358ea7
RUNNING 	 697188-infra01_nova_scheduler_container-80463dee
RUNNING 	 699024-infra03_horizon_container-e7f1268a
RUNNING 	 697188-infra01_galera_container-17ce0a1a
RUNNING 	 699023-infra02_horizon_container-2fb984dd
RUNNING 	 699024-infra03_rabbit_mq_container-04425657
RUNNING 	 699024-infra03_neutron_agents_container-1bfc4c87
RUNNING 	 697188-infra01_nova_cert_container-34730dc8
RUNNING 	 699023-infra02_nova_api_metadata_container-985414d1
RUNNING 	 697188-infra01_nova_conductor_container-3f5f5b82
RUNNING 	 699023-infra02_nova_conductor_container-e0cc4050
RUNNING 	 697188-infra01_nova_api_metadata_container-7cda40e7
RUNNING 	 699023-infra02_utility_container-dd33dd44
RUNNING 	 699023-infra02_galera_container-24f1838e
RUNNING 	 699024-infra03_galera_container-9040bc81
RUNNING 	 697188-infra01_keystone_container-7339c5a1
RUNNING 	 699024-infra03_memcached_container-9d53a28c
RUNNING 	 699027-logging01_rsyslog_container-88d3dc4d
RUNNING 	 699024-infra03_nova_cert_container-702c866a
RUNNING 	 699024-infra03_heat_engine_container-d863fa68
RUNNING 	 697188-infra01_heat_engine_container-4cd6a420
RUNNING 	 699023-infra02_glance_container-2e89455e
RUNNING 	 699024-infra03_nova_api_os_compute_container-80806edf
RUNNING 	 697188-infra01_memcached_container-420472b0
RUNNING 	 697188-infra01_repo_container-94c5bb6a
RUNNING 	 699023-infra02_rabbit_mq_container-94b2ed1d
RUNNING 	 697188-infra01_nova_api_os_compute_container-4b71cfa2
RUNNING 	 699023-infra02_memcached_container-ce56bd0a
RUNNING 	 699023-infra02_nova_console_container-d8330e16
RUNNING 	 699024-infra03_nova_console_container-261d0071
RUNNING 	 697188-infra01_glance_container-f9d9078c
RUNNING 	 697188-infra01_cinder_scheduler_container-888853dd
RUNNING 	 697188-infra01_neutron_server_container-8d02833a
RUNNING 	 699023-infra02_repo_container-397dfc94
RUNNING 	 699024-infra03_nova_api_metadata_container-089ba563
RUNNING 	 699027-logging01_logstash_container-cbf7aa56
----------------------------------------------------------------------------------------------------------------------------------------------------
STOPPED 	 699023-infra02_cinder_scheduler_container-c7e126c2
STOPPED 	 699024-infra03_nova_conductor_container-b914f32f
STOPPED 	 697188-infra01_rabbit_mq_container-72032cab
STOPPED 	 699027-logging01_elasticsearch_container-a4c7d7c5
----------------------------------------------------------------------------------------------------------------------------------------------------
about to stop: 699023-infra02_keystone_container-bfa46e91
----------------------------------------------------------------------------------------------------------------------------------------------------
Sleep for 19 seconds
Sleep for 18 seconds
Sleep for 17 seconds
Sleep for 16 seconds
Sleep for 15 seconds
Sleep for 14 seconds
Sleep for 13 seconds
Sleep for 12 seconds
Sleep for 11 seconds
Sleep for 10 seconds
Sleep for 9 seconds
Sleep for 8 seconds
Sleep for 7 seconds
Sleep for 6 seconds
Sleep for 5 seconds
Sleep for 4 seconds
Sleep for 3 seconds
Sleep for 2 seconds
Sleep for 1 seconds
----------------------------------------------------------------------------------------------------------------------------------------------------
RUNNING 	 699024-infra03_cinder_api_container-f000e209
RUNNING 	 699023-infra02_heat_engine_container-e94b13ef
RUNNING 	 699024-infra03_utility_container-75a5f21d
RUNNING 	 699024-infra03_cinder_scheduler_container-a06cf063
RUNNING 	 699023-infra02_nova_cert_container-dfed590d
RUNNING 	 699024-infra03_repo_container-64dd89d5
RUNNING 	 699023-infra02_swift_proxy_container-2aac86ea
RUNNING 	 699024-infra03_keystone_container-dd1a680c
RUNNING 	 699023-infra02_nova_scheduler_container-7b663389
RUNNING 	 697188-infra01_heat_apis_container-5a79b4eb
RUNNING 	 697188-infra01_neutron_agents_container-13c9cda5
RUNNING 	 699023-infra02_nova_api_os_compute_container-977ab849
RUNNING 	 697188-infra01_nova_console_container-179690c3
RUNNING 	 699023-infra02_neutron_server_container-3a92c137
RUNNING 	 699024-infra03_swift_proxy_container-a7ea6ef0
RUNNING 	 697188-infra01_utility_container-a012b479
RUNNING 	 699024-infra03_heat_apis_container-6870b6e0
RUNNING 	 699024-infra03_glance_container-d2a062c8
RUNNING 	 699023-infra02_heat_apis_container-e80fbbba
RUNNING 	 697188-infra01_cinder_api_container-29436bd9
RUNNING 	 697188-infra01_horizon_container-0ad13554
RUNNING 	 697188-infra01_swift_proxy_container-bbe30564
RUNNING 	 699023-infra02_cinder_api_container-9b53e562
RUNNING 	 699024-infra03_neutron_server_container-6b33fd68
RUNNING 	 699023-infra02_neutron_agents_container-bcee498b
RUNNING 	 699027-logging01_kibana_container-30694829
RUNNING 	 699024-infra03_nova_scheduler_container-d9358ea7
RUNNING 	 697188-infra01_nova_scheduler_container-80463dee
RUNNING 	 699024-infra03_horizon_container-e7f1268a
RUNNING 	 697188-infra01_galera_container-17ce0a1a
RUNNING 	 699023-infra02_horizon_container-2fb984dd
RUNNING 	 699024-infra03_rabbit_mq_container-04425657
RUNNING 	 699024-infra03_neutron_agents_container-1bfc4c87
RUNNING 	 697188-infra01_nova_cert_container-34730dc8
RUNNING 	 699023-infra02_nova_api_metadata_container-985414d1
RUNNING 	 697188-infra01_nova_conductor_container-3f5f5b82
RUNNING 	 699023-infra02_nova_conductor_container-e0cc4050
RUNNING 	 697188-infra01_nova_api_metadata_container-7cda40e7
RUNNING 	 699023-infra02_utility_container-dd33dd44
RUNNING 	 699023-infra02_galera_container-24f1838e
RUNNING 	 699024-infra03_galera_container-9040bc81
RUNNING 	 697188-infra01_keystone_container-7339c5a1
RUNNING 	 699024-infra03_memcached_container-9d53a28c
RUNNING 	 699027-logging01_rsyslog_container-88d3dc4d
RUNNING 	 699024-infra03_nova_cert_container-702c866a
RUNNING 	 699024-infra03_heat_engine_container-d863fa68
RUNNING 	 697188-infra01_heat_engine_container-4cd6a420
RUNNING 	 699023-infra02_glance_container-2e89455e
RUNNING 	 699024-infra03_nova_api_os_compute_container-80806edf
RUNNING 	 697188-infra01_memcached_container-420472b0
RUNNING 	 697188-infra01_repo_container-94c5bb6a
RUNNING 	 699023-infra02_rabbit_mq_container-94b2ed1d
RUNNING 	 697188-infra01_nova_api_os_compute_container-4b71cfa2
RUNNING 	 699023-infra02_memcached_container-ce56bd0a
RUNNING 	 699023-infra02_nova_console_container-d8330e16
RUNNING 	 699024-infra03_nova_console_container-261d0071
RUNNING 	 697188-infra01_glance_container-f9d9078c
RUNNING 	 697188-infra01_cinder_scheduler_container-888853dd
RUNNING 	 697188-infra01_neutron_server_container-8d02833a
RUNNING 	 699023-infra02_repo_container-397dfc94
RUNNING 	 699024-infra03_nova_api_metadata_container-089ba563
RUNNING 	 699027-logging01_logstash_container-cbf7aa56
----------------------------------------------------------------------------------------------------------------------------------------------------
STOPPED 	 699023-infra02_cinder_scheduler_container-c7e126c2
STOPPED 	 699023-infra02_keystone_container-bfa46e91
STOPPED 	 699024-infra03_nova_conductor_container-b914f32f
STOPPED 	 697188-infra01_rabbit_mq_container-72032cab
STOPPED 	 699027-logging01_elasticsearch_container-a4c7d7c5
----------------------------------------------------------------------------------------------------------------------------------------------------
about to start: 699027-logging01_elasticsearch_container-a4c7d7c5
----------------------------------------------------------------------------------------------------------------------------------------------------
Sleep for 34 seconds
Sleep for 33 seconds
Sleep for 32 seconds
Sleep for 31 seconds
Sleep for 30 seconds
Sleep for 29 seconds
Sleep for 28 seconds
Sleep for 27 seconds
Sleep for 26 seconds
Sleep for 25 seconds
Sleep for 24 seconds
Sleep for 23 seconds
Sleep for 22 seconds
Sleep for 21 seconds
Sleep for 20 seconds
Sleep for 19 seconds
Sleep for 18 seconds
Sleep for 17 seconds
Sleep for 16 seconds
Sleep for 15 seconds
Sleep for 14 seconds
Sleep for 13 seconds
Sleep for 12 seconds
Sleep for 11 seconds
Sleep for 10 seconds
Sleep for 9 seconds
Sleep for 8 seconds
Sleep for 7 seconds
Sleep for 6 seconds
Sleep for 5 seconds
Sleep for 4 seconds
Sleep for 3 seconds
Sleep for 2 seconds
Sleep for 1 seconds
----------------------------------------------------------------------------------------------------------------------------------------------------
RUNNING 	 699024-infra03_cinder_api_container-f000e209
RUNNING 	 699023-infra02_heat_engine_container-e94b13ef
RUNNING 	 699024-infra03_utility_container-75a5f21d
RUNNING 	 699024-infra03_cinder_scheduler_container-a06cf063
RUNNING 	 699023-infra02_nova_cert_container-dfed590d
RUNNING 	 699024-infra03_repo_container-64dd89d5
RUNNING 	 699023-infra02_swift_proxy_container-2aac86ea
RUNNING 	 699024-infra03_keystone_container-dd1a680c
RUNNING 	 699023-infra02_nova_scheduler_container-7b663389
RUNNING 	 697188-infra01_heat_apis_container-5a79b4eb
RUNNING 	 697188-infra01_neutron_agents_container-13c9cda5
RUNNING 	 699023-infra02_nova_api_os_compute_container-977ab849
RUNNING 	 697188-infra01_nova_console_container-179690c3
RUNNING 	 699023-infra02_neutron_server_container-3a92c137
RUNNING 	 699024-infra03_swift_proxy_container-a7ea6ef0
RUNNING 	 697188-infra01_utility_container-a012b479
RUNNING 	 699024-infra03_heat_apis_container-6870b6e0
RUNNING 	 699024-infra03_glance_container-d2a062c8
RUNNING 	 699023-infra02_heat_apis_container-e80fbbba
RUNNING 	 697188-infra01_cinder_api_container-29436bd9
RUNNING 	 697188-infra01_horizon_container-0ad13554
RUNNING 	 697188-infra01_swift_proxy_container-bbe30564
RUNNING 	 699023-infra02_cinder_api_container-9b53e562
RUNNING 	 699024-infra03_neutron_server_container-6b33fd68
RUNNING 	 699023-infra02_neutron_agents_container-bcee498b
RUNNING 	 699027-logging01_kibana_container-30694829
RUNNING 	 699024-infra03_nova_scheduler_container-d9358ea7
RUNNING 	 697188-infra01_nova_scheduler_container-80463dee
RUNNING 	 699024-infra03_horizon_container-e7f1268a
RUNNING 	 697188-infra01_galera_container-17ce0a1a
RUNNING 	 699023-infra02_horizon_container-2fb984dd
RUNNING 	 699024-infra03_rabbit_mq_container-04425657
RUNNING 	 699024-infra03_neutron_agents_container-1bfc4c87
RUNNING 	 697188-infra01_nova_cert_container-34730dc8
RUNNING 	 699023-infra02_nova_api_metadata_container-985414d1
RUNNING 	 697188-infra01_nova_conductor_container-3f5f5b82
RUNNING 	 699023-infra02_nova_conductor_container-e0cc4050
RUNNING 	 697188-infra01_nova_api_metadata_container-7cda40e7
RUNNING 	 699023-infra02_utility_container-dd33dd44
RUNNING 	 699023-infra02_galera_container-24f1838e
RUNNING 	 699024-infra03_galera_container-9040bc81
RUNNING 	 697188-infra01_keystone_container-7339c5a1
RUNNING 	 699024-infra03_memcached_container-9d53a28c
RUNNING 	 699027-logging01_rsyslog_container-88d3dc4d
RUNNING 	 699024-infra03_nova_cert_container-702c866a
RUNNING 	 699024-infra03_heat_engine_container-d863fa68
RUNNING 	 697188-infra01_heat_engine_container-4cd6a420
RUNNING 	 699023-infra02_glance_container-2e89455e
RUNNING 	 699027-logging01_elasticsearch_container-a4c7d7c5
RUNNING 	 699024-infra03_nova_api_os_compute_container-80806edf
RUNNING 	 697188-infra01_memcached_container-420472b0
RUNNING 	 697188-infra01_repo_container-94c5bb6a
RUNNING 	 699023-infra02_rabbit_mq_container-94b2ed1d
RUNNING 	 697188-infra01_nova_api_os_compute_container-4b71cfa2
RUNNING 	 699023-infra02_memcached_container-ce56bd0a
RUNNING 	 699023-infra02_nova_console_container-d8330e16
RUNNING 	 699024-infra03_nova_console_container-261d0071
RUNNING 	 697188-infra01_glance_container-f9d9078c
RUNNING 	 697188-infra01_cinder_scheduler_container-888853dd
RUNNING 	 697188-infra01_neutron_server_container-8d02833a
RUNNING 	 699023-infra02_repo_container-397dfc94
RUNNING 	 699024-infra03_nova_api_metadata_container-089ba563
RUNNING 	 699027-logging01_logstash_container-cbf7aa56
----------------------------------------------------------------------------------------------------------------------------------------------------
STOPPED 	 699023-infra02_cinder_scheduler_container-c7e126c2
STOPPED 	 699023-infra02_keystone_container-bfa46e91
STOPPED 	 699024-infra03_nova_conductor_container-b914f32f
STOPPED 	 697188-infra01_rabbit_mq_container-72032cab
----------------------------------------------------------------------------------------------------------------------------------------------------
about to stop: 699023-infra02_nova_cert_container-dfed590d
----------------------------------------------------------------------------------------------------------------------------------------------------
Sleep for 32 seconds
Sleep for 31 seconds
Sleep for 30 seconds
Sleep for 29 seconds
Sleep for 28 seconds
Sleep for 27 seconds
Sleep for 26 seconds
Sleep for 25 seconds
Sleep for 24 seconds
Sleep for 23 seconds
Sleep for 22 seconds
Sleep for 21 seconds
Sleep for 20 seconds
Sleep for 19 seconds
Sleep for 18 seconds
Sleep for 17 seconds
Sleep for 16 seconds
Sleep for 15 seconds
Sleep for 14 seconds
Sleep for 13 seconds
Sleep for 12 seconds
Sleep for 11 seconds
Sleep for 10 seconds
Sleep for 9 seconds
Sleep for 8 seconds
Sleep for 7 seconds
Sleep for 6 seconds
Sleep for 5 seconds
Sleep for 4 seconds
Sleep for 3 seconds
Sleep for 2 seconds
Sleep for 1 seconds
----------------------------------------------------------------------------------------------------------------------------------------------------
RUNNING 	 699024-infra03_cinder_api_container-f000e209
RUNNING 	 699023-infra02_heat_engine_container-e94b13ef
RUNNING 	 699024-infra03_utility_container-75a5f21d
RUNNING 	 699024-infra03_cinder_scheduler_container-a06cf063
RUNNING 	 699024-infra03_repo_container-64dd89d5
RUNNING 	 699023-infra02_swift_proxy_container-2aac86ea
RUNNING 	 699024-infra03_keystone_container-dd1a680c
RUNNING 	 699023-infra02_nova_scheduler_container-7b663389
RUNNING 	 697188-infra01_heat_apis_container-5a79b4eb
RUNNING 	 697188-infra01_neutron_agents_container-13c9cda5
RUNNING 	 699023-infra02_nova_api_os_compute_container-977ab849
RUNNING 	 697188-infra01_nova_console_container-179690c3
RUNNING 	 699023-infra02_neutron_server_container-3a92c137
RUNNING 	 699024-infra03_swift_proxy_container-a7ea6ef0
RUNNING 	 697188-infra01_utility_container-a012b479
RUNNING 	 699024-infra03_heat_apis_container-6870b6e0
RUNNING 	 699024-infra03_glance_container-d2a062c8
RUNNING 	 699023-infra02_heat_apis_container-e80fbbba
RUNNING 	 697188-infra01_cinder_api_container-29436bd9
RUNNING 	 697188-infra01_horizon_container-0ad13554
RUNNING 	 697188-infra01_swift_proxy_container-bbe30564
RUNNING 	 699023-infra02_cinder_api_container-9b53e562
RUNNING 	 699024-infra03_neutron_server_container-6b33fd68
RUNNING 	 699023-infra02_neutron_agents_container-bcee498b
RUNNING 	 699027-logging01_kibana_container-30694829
RUNNING 	 699024-infra03_nova_scheduler_container-d9358ea7
RUNNING 	 697188-infra01_nova_scheduler_container-80463dee
RUNNING 	 699024-infra03_horizon_container-e7f1268a
RUNNING 	 697188-infra01_galera_container-17ce0a1a
RUNNING 	 699023-infra02_horizon_container-2fb984dd
RUNNING 	 699024-infra03_rabbit_mq_container-04425657
RUNNING 	 699024-infra03_neutron_agents_container-1bfc4c87
RUNNING 	 697188-infra01_nova_cert_container-34730dc8
RUNNING 	 699023-infra02_nova_api_metadata_container-985414d1
RUNNING 	 697188-infra01_nova_conductor_container-3f5f5b82
RUNNING 	 699023-infra02_nova_conductor_container-e0cc4050
RUNNING 	 697188-infra01_nova_api_metadata_container-7cda40e7
RUNNING 	 699023-infra02_utility_container-dd33dd44
RUNNING 	 699023-infra02_galera_container-24f1838e
RUNNING 	 699024-infra03_galera_container-9040bc81
RUNNING 	 697188-infra01_keystone_container-7339c5a1
RUNNING 	 699024-infra03_memcached_container-9d53a28c
RUNNING 	 699027-logging01_rsyslog_container-88d3dc4d
RUNNING 	 699024-infra03_nova_cert_container-702c866a
RUNNING 	 699024-infra03_heat_engine_container-d863fa68
RUNNING 	 697188-infra01_heat_engine_container-4cd6a420
RUNNING 	 699023-infra02_glance_container-2e89455e
RUNNING 	 699027-logging01_elasticsearch_container-a4c7d7c5
RUNNING 	 699024-infra03_nova_api_os_compute_container-80806edf
RUNNING 	 697188-infra01_memcached_container-420472b0
RUNNING 	 697188-infra01_repo_container-94c5bb6a
RUNNING 	 699023-infra02_rabbit_mq_container-94b2ed1d
RUNNING 	 697188-infra01_nova_api_os_compute_container-4b71cfa2
RUNNING 	 699023-infra02_memcached_container-ce56bd0a
RUNNING 	 699023-infra02_nova_console_container-d8330e16
RUNNING 	 699024-infra03_nova_console_container-261d0071
RUNNING 	 697188-infra01_glance_container-f9d9078c
RUNNING 	 697188-infra01_cinder_scheduler_container-888853dd
RUNNING 	 697188-infra01_neutron_server_container-8d02833a
RUNNING 	 699023-infra02_repo_container-397dfc94
RUNNING 	 699024-infra03_nova_api_metadata_container-089ba563
RUNNING 	 699027-logging01_logstash_container-cbf7aa56
----------------------------------------------------------------------------------------------------------------------------------------------------
STOPPED 	 699023-infra02_nova_cert_container-dfed590d
STOPPED 	 699023-infra02_cinder_scheduler_container-c7e126c2
STOPPED 	 699023-infra02_keystone_container-bfa46e91
STOPPED 	 699024-infra03_nova_conductor_container-b914f32f
STOPPED 	 697188-infra01_rabbit_mq_container-72032cab
----------------------------------------------------------------------------------------------------------------------------------------------------
about to start: 697188-infra01_rabbit_mq_container-72032cab
----------------------------------------------------------------------------------------------------------------------------------------------------
Sleep for 26 seconds
Sleep for 25 seconds
Sleep for 24 seconds
Sleep for 23 seconds
Sleep for 22 seconds
Sleep for 21 seconds
Sleep for 20 seconds
Sleep for 19 seconds
Sleep for 18 seconds
Sleep for 17 seconds
Sleep for 16 seconds
Sleep for 15 seconds
Sleep for 14 seconds
Sleep for 13 seconds
Sleep for 12 seconds
Sleep for 11 seconds
Sleep for 10 seconds
Sleep for 9 seconds
Sleep for 8 seconds
Sleep for 7 seconds
Sleep for 6 seconds
Sleep for 5 seconds
Sleep for 4 seconds
Sleep for 3 seconds
Sleep for 2 seconds
Sleep for 1 seconds
----------------------------------------------------------------------------------------------------------------------------------------------------
RUNNING 	 699024-infra03_cinder_api_container-f000e209
RUNNING 	 699023-infra02_heat_engine_container-e94b13ef
RUNNING 	 699024-infra03_utility_container-75a5f21d
RUNNING 	 699024-infra03_cinder_scheduler_container-a06cf063
RUNNING 	 699024-infra03_repo_container-64dd89d5
RUNNING 	 699023-infra02_swift_proxy_container-2aac86ea
RUNNING 	 699024-infra03_keystone_container-dd1a680c
RUNNING 	 699023-infra02_nova_scheduler_container-7b663389
RUNNING 	 697188-infra01_heat_apis_container-5a79b4eb
RUNNING 	 697188-infra01_neutron_agents_container-13c9cda5
RUNNING 	 699023-infra02_nova_api_os_compute_container-977ab849
RUNNING 	 697188-infra01_nova_console_container-179690c3
RUNNING 	 699023-infra02_neutron_server_container-3a92c137
RUNNING 	 699024-infra03_swift_proxy_container-a7ea6ef0
RUNNING 	 697188-infra01_utility_container-a012b479
RUNNING 	 699024-infra03_heat_apis_container-6870b6e0
RUNNING 	 699024-infra03_glance_container-d2a062c8
RUNNING 	 699023-infra02_heat_apis_container-e80fbbba
RUNNING 	 697188-infra01_cinder_api_container-29436bd9
RUNNING 	 697188-infra01_horizon_container-0ad13554
RUNNING 	 697188-infra01_swift_proxy_container-bbe30564
RUNNING 	 699023-infra02_cinder_api_container-9b53e562
RUNNING 	 699024-infra03_neutron_server_container-6b33fd68
RUNNING 	 699023-infra02_neutron_agents_container-bcee498b
RUNNING 	 699027-logging01_kibana_container-30694829
RUNNING 	 699024-infra03_nova_scheduler_container-d9358ea7
RUNNING 	 697188-infra01_nova_scheduler_container-80463dee
RUNNING 	 699024-infra03_horizon_container-e7f1268a
RUNNING 	 697188-infra01_galera_container-17ce0a1a
RUNNING 	 699023-infra02_horizon_container-2fb984dd
RUNNING 	 699024-infra03_rabbit_mq_container-04425657
RUNNING 	 699024-infra03_neutron_agents_container-1bfc4c87
RUNNING 	 697188-infra01_nova_cert_container-34730dc8
RUNNING 	 699023-infra02_nova_api_metadata_container-985414d1
RUNNING 	 697188-infra01_nova_conductor_container-3f5f5b82
RUNNING 	 699023-infra02_nova_conductor_container-e0cc4050
RUNNING 	 697188-infra01_nova_api_metadata_container-7cda40e7
RUNNING 	 699023-infra02_utility_container-dd33dd44
RUNNING 	 699023-infra02_galera_container-24f1838e
RUNNING 	 699024-infra03_galera_container-9040bc81
RUNNING 	 697188-infra01_keystone_container-7339c5a1
RUNNING 	 699024-infra03_memcached_container-9d53a28c
RUNNING 	 699027-logging01_rsyslog_container-88d3dc4d
RUNNING 	 699024-infra03_nova_cert_container-702c866a
RUNNING 	 699024-infra03_heat_engine_container-d863fa68
RUNNING 	 697188-infra01_rabbit_mq_container-72032cab
RUNNING 	 697188-infra01_heat_engine_container-4cd6a420
RUNNING 	 699023-infra02_glance_container-2e89455e
RUNNING 	 699027-logging01_elasticsearch_container-a4c7d7c5
RUNNING 	 699024-infra03_nova_api_os_compute_container-80806edf
RUNNING 	 697188-infra01_memcached_container-420472b0
RUNNING 	 697188-infra01_repo_container-94c5bb6a
RUNNING 	 699023-infra02_rabbit_mq_container-94b2ed1d
RUNNING 	 697188-infra01_nova_api_os_compute_container-4b71cfa2
RUNNING 	 699023-infra02_memcached_container-ce56bd0a
RUNNING 	 699023-infra02_nova_console_container-d8330e16
RUNNING 	 699024-infra03_nova_console_container-261d0071
RUNNING 	 697188-infra01_glance_container-f9d9078c
RUNNING 	 697188-infra01_cinder_scheduler_container-888853dd
RUNNING 	 697188-infra01_neutron_server_container-8d02833a
RUNNING 	 699023-infra02_repo_container-397dfc94
RUNNING 	 699024-infra03_nova_api_metadata_container-089ba563
RUNNING 	 699027-logging01_logstash_container-cbf7aa56
----------------------------------------------------------------------------------------------------------------------------------------------------
STOPPED 	 699023-infra02_nova_cert_container-dfed590d
STOPPED 	 699023-infra02_cinder_scheduler_container-c7e126c2
STOPPED 	 699023-infra02_keystone_container-bfa46e91
STOPPED 	 699024-infra03_nova_conductor_container-b914f32f
----------------------------------------------------------------------------------------------------------------------------------------------------
about to start: 699024-infra03_nova_conductor_container-b914f32f
----------------------------------------------------------------------------------------------------------------------------------------------------
Sleep for 34 seconds
Sleep for 33 seconds
Sleep for 32 seconds
Sleep for 31 seconds
Sleep for 30 seconds
Sleep for 29 seconds
Sleep for 28 seconds
Sleep for 27 seconds
Sleep for 26 seconds
Sleep for 25 seconds
Sleep for 24 seconds
Sleep for 23 seconds
Sleep for 22 seconds
Sleep for 21 seconds
Sleep for 20 seconds
Sleep for 19 seconds
Sleep for 18 seconds
Sleep for 17 seconds
Sleep for 16 seconds
Sleep for 15 seconds
Sleep for 14 seconds
Sleep for 13 seconds
Sleep for 12 seconds
Sleep for 11 seconds
Sleep for 10 seconds
Sleep for 9 seconds
Sleep for 8 seconds
Sleep for 7 seconds
Sleep for 6 seconds
Sleep for 5 seconds
Sleep for 4 seconds
Sleep for 3 seconds
Sleep for 2 seconds
Sleep for 1 seconds
----------------------------------------------------------------------------------------------------------------------------------------------------
RUNNING 	 699024-infra03_cinder_api_container-f000e209
RUNNING 	 699023-infra02_heat_engine_container-e94b13ef
RUNNING 	 699024-infra03_utility_container-75a5f21d
RUNNING 	 699024-infra03_cinder_scheduler_container-a06cf063
RUNNING 	 699024-infra03_repo_container-64dd89d5
RUNNING 	 699023-infra02_swift_proxy_container-2aac86ea
RUNNING 	 699024-infra03_keystone_container-dd1a680c
RUNNING 	 699023-infra02_nova_scheduler_container-7b663389
RUNNING 	 697188-infra01_heat_apis_container-5a79b4eb
RUNNING 	 697188-infra01_neutron_agents_container-13c9cda5
RUNNING 	 699023-infra02_nova_api_os_compute_container-977ab849
RUNNING 	 697188-infra01_nova_console_container-179690c3
RUNNING 	 699023-infra02_neutron_server_container-3a92c137
RUNNING 	 699024-infra03_swift_proxy_container-a7ea6ef0
RUNNING 	 697188-infra01_utility_container-a012b479
RUNNING 	 699024-infra03_heat_apis_container-6870b6e0
RUNNING 	 699024-infra03_glance_container-d2a062c8
RUNNING 	 699023-infra02_heat_apis_container-e80fbbba
RUNNING 	 697188-infra01_cinder_api_container-29436bd9
RUNNING 	 697188-infra01_horizon_container-0ad13554
RUNNING 	 697188-infra01_swift_proxy_container-bbe30564
RUNNING 	 699024-infra03_nova_conductor_container-b914f32f
RUNNING 	 699023-infra02_cinder_api_container-9b53e562
RUNNING 	 699024-infra03_neutron_server_container-6b33fd68
RUNNING 	 699023-infra02_neutron_agents_container-bcee498b
RUNNING 	 699027-logging01_kibana_container-30694829
RUNNING 	 699024-infra03_nova_scheduler_container-d9358ea7
RUNNING 	 697188-infra01_nova_scheduler_container-80463dee
RUNNING 	 699024-infra03_horizon_container-e7f1268a
RUNNING 	 697188-infra01_galera_container-17ce0a1a
RUNNING 	 699023-infra02_horizon_container-2fb984dd
RUNNING 	 699024-infra03_rabbit_mq_container-04425657
RUNNING 	 699024-infra03_neutron_agents_container-1bfc4c87
RUNNING 	 697188-infra01_nova_cert_container-34730dc8
RUNNING 	 699023-infra02_nova_api_metadata_container-985414d1
RUNNING 	 697188-infra01_nova_conductor_container-3f5f5b82
RUNNING 	 699023-infra02_nova_conductor_container-e0cc4050
RUNNING 	 697188-infra01_nova_api_metadata_container-7cda40e7
RUNNING 	 699023-infra02_utility_container-dd33dd44
RUNNING 	 699023-infra02_galera_container-24f1838e
RUNNING 	 699024-infra03_galera_container-9040bc81
RUNNING 	 697188-infra01_keystone_container-7339c5a1
RUNNING 	 699024-infra03_memcached_container-9d53a28c
RUNNING 	 699027-logging01_rsyslog_container-88d3dc4d
RUNNING 	 699024-infra03_nova_cert_container-702c866a
RUNNING 	 699024-infra03_heat_engine_container-d863fa68
RUNNING 	 697188-infra01_rabbit_mq_container-72032cab
RUNNING 	 697188-infra01_heat_engine_container-4cd6a420
RUNNING 	 699023-infra02_glance_container-2e89455e
RUNNING 	 699027-logging01_elasticsearch_container-a4c7d7c5
RUNNING 	 699024-infra03_nova_api_os_compute_container-80806edf
RUNNING 	 697188-infra01_memcached_container-420472b0
RUNNING 	 697188-infra01_repo_container-94c5bb6a
RUNNING 	 699023-infra02_rabbit_mq_container-94b2ed1d
RUNNING 	 697188-infra01_nova_api_os_compute_container-4b71cfa2
RUNNING 	 699023-infra02_memcached_container-ce56bd0a
RUNNING 	 699023-infra02_nova_console_container-d8330e16
RUNNING 	 699024-infra03_nova_console_container-261d0071
RUNNING 	 697188-infra01_glance_container-f9d9078c
RUNNING 	 697188-infra01_cinder_scheduler_container-888853dd
RUNNING 	 697188-infra01_neutron_server_container-8d02833a
RUNNING 	 699023-infra02_repo_container-397dfc94
RUNNING 	 699024-infra03_nova_api_metadata_container-089ba563
RUNNING 	 699027-logging01_logstash_container-cbf7aa56
----------------------------------------------------------------------------------------------------------------------------------------------------
STOPPED 	 699023-infra02_nova_cert_container-dfed590d
STOPPED 	 699023-infra02_cinder_scheduler_container-c7e126c2
STOPPED 	 699023-infra02_keystone_container-bfa46e91
----------------------------------------------------------------------------------------------------------------------------------------------------
about to start: 699023-infra02_nova_cert_container-dfed590d
----------------------------------------------------------------------------------------------------------------------------------------------------
Sleep for 25 seconds
Sleep for 24 seconds
Sleep for 23 seconds
Sleep for 22 seconds
Sleep for 21 seconds
Sleep for 20 seconds
Sleep for 19 seconds
Sleep for 18 seconds
Sleep for 17 seconds
Sleep for 16 seconds
Sleep for 15 seconds
Sleep for 14 seconds
Sleep for 13 seconds
Sleep for 12 seconds
Sleep for 11 seconds
Sleep for 10 seconds
Sleep for 9 seconds
Sleep for 8 seconds
Sleep for 7 seconds
Sleep for 6 seconds
Sleep for 5 seconds
Sleep for 4 seconds
Sleep for 3 seconds
Sleep for 2 seconds
Sleep for 1 seconds
----------------------------------------------------------------------------------------------------------------------------------------------------
RUNNING 	 699024-infra03_cinder_api_container-f000e209
RUNNING 	 699023-infra02_heat_engine_container-e94b13ef
RUNNING 	 699024-infra03_utility_container-75a5f21d
RUNNING 	 699024-infra03_cinder_scheduler_container-a06cf063
RUNNING 	 699023-infra02_nova_cert_container-dfed590d
RUNNING 	 699024-infra03_repo_container-64dd89d5
RUNNING 	 699023-infra02_swift_proxy_container-2aac86ea
RUNNING 	 699024-infra03_keystone_container-dd1a680c
RUNNING 	 699023-infra02_nova_scheduler_container-7b663389
RUNNING 	 697188-infra01_heat_apis_container-5a79b4eb
RUNNING 	 697188-infra01_neutron_agents_container-13c9cda5
RUNNING 	 699023-infra02_nova_api_os_compute_container-977ab849
RUNNING 	 697188-infra01_nova_console_container-179690c3
RUNNING 	 699023-infra02_neutron_server_container-3a92c137
RUNNING 	 699024-infra03_swift_proxy_container-a7ea6ef0
RUNNING 	 697188-infra01_utility_container-a012b479
RUNNING 	 699024-infra03_heat_apis_container-6870b6e0
RUNNING 	 699024-infra03_glance_container-d2a062c8
RUNNING 	 699023-infra02_heat_apis_container-e80fbbba
RUNNING 	 697188-infra01_cinder_api_container-29436bd9
RUNNING 	 697188-infra01_horizon_container-0ad13554
RUNNING 	 697188-infra01_swift_proxy_container-bbe30564
RUNNING 	 699024-infra03_nova_conductor_container-b914f32f
RUNNING 	 699023-infra02_cinder_api_container-9b53e562
RUNNING 	 699024-infra03_neutron_server_container-6b33fd68
RUNNING 	 699023-infra02_neutron_agents_container-bcee498b
RUNNING 	 699027-logging01_kibana_container-30694829
RUNNING 	 699024-infra03_nova_scheduler_container-d9358ea7
RUNNING 	 697188-infra01_nova_scheduler_container-80463dee
RUNNING 	 699024-infra03_horizon_container-e7f1268a
RUNNING 	 697188-infra01_galera_container-17ce0a1a
RUNNING 	 699023-infra02_horizon_container-2fb984dd
RUNNING 	 699024-infra03_rabbit_mq_container-04425657
RUNNING 	 699024-infra03_neutron_agents_container-1bfc4c87
RUNNING 	 697188-infra01_nova_cert_container-34730dc8
RUNNING 	 699023-infra02_nova_api_metadata_container-985414d1
RUNNING 	 697188-infra01_nova_conductor_container-3f5f5b82
RUNNING 	 699023-infra02_nova_conductor_container-e0cc4050
RUNNING 	 697188-infra01_nova_api_metadata_container-7cda40e7
RUNNING 	 699023-infra02_utility_container-dd33dd44
RUNNING 	 699023-infra02_galera_container-24f1838e
RUNNING 	 699024-infra03_galera_container-9040bc81
RUNNING 	 697188-infra01_keystone_container-7339c5a1
RUNNING 	 699024-infra03_memcached_container-9d53a28c
RUNNING 	 699027-logging01_rsyslog_container-88d3dc4d
RUNNING 	 699024-infra03_nova_cert_container-702c866a
RUNNING 	 699024-infra03_heat_engine_container-d863fa68
RUNNING 	 697188-infra01_rabbit_mq_container-72032cab
RUNNING 	 697188-infra01_heat_engine_container-4cd6a420
RUNNING 	 699023-infra02_glance_container-2e89455e
RUNNING 	 699027-logging01_elasticsearch_container-a4c7d7c5
RUNNING 	 699024-infra03_nova_api_os_compute_container-80806edf
RUNNING 	 697188-infra01_memcached_container-420472b0
RUNNING 	 697188-infra01_repo_container-94c5bb6a
RUNNING 	 699023-infra02_rabbit_mq_container-94b2ed1d
RUNNING 	 697188-infra01_nova_api_os_compute_container-4b71cfa2
RUNNING 	 699023-infra02_memcached_container-ce56bd0a
RUNNING 	 699023-infra02_nova_console_container-d8330e16
RUNNING 	 699024-infra03_nova_console_container-261d0071
RUNNING 	 697188-infra01_glance_container-f9d9078c
RUNNING 	 697188-infra01_cinder_scheduler_container-888853dd
RUNNING 	 697188-infra01_neutron_server_container-8d02833a
RUNNING 	 699023-infra02_repo_container-397dfc94
RUNNING 	 699024-infra03_nova_api_metadata_container-089ba563
RUNNING 	 699027-logging01_logstash_container-cbf7aa56
----------------------------------------------------------------------------------------------------------------------------------------------------
STOPPED 	 699023-infra02_cinder_scheduler_container-c7e126c2
STOPPED 	 699023-infra02_keystone_container-bfa46e91
----------------------------------------------------------------------------------------------------------------------------------------------------
about to stop: 699024-infra03_neutron_agents_container-1bfc4c87
----------------------------------------------------------------------------------------------------------------------------------------------------
Sleep for 27 seconds
Sleep for 26 seconds
Sleep for 25 seconds
Sleep for 24 seconds
Sleep for 23 seconds
Sleep for 22 seconds
Sleep for 21 seconds
Sleep for 20 seconds
Sleep for 19 seconds
Sleep for 18 seconds
Sleep for 17 seconds
Sleep for 16 seconds
Sleep for 15 seconds
Sleep for 14 seconds
Sleep for 13 seconds
Sleep for 12 seconds
Sleep for 11 seconds
Sleep for 10 seconds
Sleep for 9 seconds
Sleep for 8 seconds
Sleep for 7 seconds
Sleep for 6 seconds
Sleep for 5 seconds
Sleep for 4 seconds
Sleep for 3 seconds
Sleep for 2 seconds
Sleep for 1 seconds
----------------------------------------------------------------------------------------------------------------------------------------------------
RUNNING 	 699024-infra03_cinder_api_container-f000e209
RUNNING 	 699023-infra02_heat_engine_container-e94b13ef
RUNNING 	 699024-infra03_utility_container-75a5f21d
RUNNING 	 699024-infra03_cinder_scheduler_container-a06cf063
RUNNING 	 699023-infra02_nova_cert_container-dfed590d
RUNNING 	 699024-infra03_repo_container-64dd89d5
RUNNING 	 699023-infra02_swift_proxy_container-2aac86ea
RUNNING 	 699024-infra03_keystone_container-dd1a680c
RUNNING 	 699023-infra02_nova_scheduler_container-7b663389
RUNNING 	 697188-infra01_heat_apis_container-5a79b4eb
RUNNING 	 697188-infra01_neutron_agents_container-13c9cda5
RUNNING 	 699023-infra02_nova_api_os_compute_container-977ab849
RUNNING 	 697188-infra01_nova_console_container-179690c3
RUNNING 	 699023-infra02_neutron_server_container-3a92c137
RUNNING 	 699024-infra03_swift_proxy_container-a7ea6ef0
RUNNING 	 697188-infra01_utility_container-a012b479
RUNNING 	 699024-infra03_heat_apis_container-6870b6e0
RUNNING 	 699024-infra03_glance_container-d2a062c8
RUNNING 	 699023-infra02_heat_apis_container-e80fbbba
RUNNING 	 697188-infra01_cinder_api_container-29436bd9
RUNNING 	 697188-infra01_horizon_container-0ad13554
RUNNING 	 697188-infra01_swift_proxy_container-bbe30564
RUNNING 	 699024-infra03_nova_conductor_container-b914f32f
RUNNING 	 699023-infra02_cinder_api_container-9b53e562
RUNNING 	 699024-infra03_neutron_server_container-6b33fd68
RUNNING 	 699023-infra02_neutron_agents_container-bcee498b
RUNNING 	 699027-logging01_kibana_container-30694829
RUNNING 	 699024-infra03_nova_scheduler_container-d9358ea7
RUNNING 	 697188-infra01_nova_scheduler_container-80463dee
RUNNING 	 699024-infra03_horizon_container-e7f1268a
RUNNING 	 697188-infra01_galera_container-17ce0a1a
RUNNING 	 699023-infra02_horizon_container-2fb984dd
RUNNING 	 699024-infra03_rabbit_mq_container-04425657
RUNNING 	 697188-infra01_nova_cert_container-34730dc8
RUNNING 	 699023-infra02_nova_api_metadata_container-985414d1
RUNNING 	 697188-infra01_nova_conductor_container-3f5f5b82
RUNNING 	 699023-infra02_nova_conductor_container-e0cc4050
RUNNING 	 697188-infra01_nova_api_metadata_container-7cda40e7
RUNNING 	 699023-infra02_utility_container-dd33dd44
RUNNING 	 699023-infra02_galera_container-24f1838e
RUNNING 	 699024-infra03_galera_container-9040bc81
RUNNING 	 697188-infra01_keystone_container-7339c5a1
RUNNING 	 699024-infra03_memcached_container-9d53a28c
RUNNING 	 699027-logging01_rsyslog_container-88d3dc4d
RUNNING 	 699024-infra03_nova_cert_container-702c866a
RUNNING 	 699024-infra03_heat_engine_container-d863fa68
RUNNING 	 697188-infra01_rabbit_mq_container-72032cab
RUNNING 	 697188-infra01_heat_engine_container-4cd6a420
RUNNING 	 699023-infra02_glance_container-2e89455e
RUNNING 	 699027-logging01_elasticsearch_container-a4c7d7c5
RUNNING 	 699024-infra03_nova_api_os_compute_container-80806edf
RUNNING 	 697188-infra01_memcached_container-420472b0
RUNNING 	 697188-infra01_repo_container-94c5bb6a
RUNNING 	 699023-infra02_rabbit_mq_container-94b2ed1d
RUNNING 	 697188-infra01_nova_api_os_compute_container-4b71cfa2
RUNNING 	 699023-infra02_memcached_container-ce56bd0a
RUNNING 	 699023-infra02_nova_console_container-d8330e16
RUNNING 	 699024-infra03_nova_console_container-261d0071
RUNNING 	 697188-infra01_glance_container-f9d9078c
RUNNING 	 697188-infra01_cinder_scheduler_container-888853dd
RUNNING 	 697188-infra01_neutron_server_container-8d02833a
RUNNING 	 699023-infra02_repo_container-397dfc94
RUNNING 	 699024-infra03_nova_api_metadata_container-089ba563
RUNNING 	 699027-logging01_logstash_container-cbf7aa56
----------------------------------------------------------------------------------------------------------------------------------------------------
STOPPED 	 699023-infra02_cinder_scheduler_container-c7e126c2
STOPPED 	 699023-infra02_keystone_container-bfa46e91
STOPPED 	 699024-infra03_neutron_agents_container-1bfc4c87
----------------------------------------------------------------------------------------------------------------------------------------------------
about to stop: 697188-infra01_neutron_agents_container-13c9cda5
----------------------------------------------------------------------------------------------------------------------------------------------------
Sleep for 34 seconds
Sleep for 33 seconds
Sleep for 32 seconds
Sleep for 31 seconds
Sleep for 30 seconds
Sleep for 29 seconds
Sleep for 28 seconds
Sleep for 27 seconds
Sleep for 26 seconds
Sleep for 25 seconds
Sleep for 24 seconds
Sleep for 23 seconds
Sleep for 22 seconds
Sleep for 21 seconds
Sleep for 20 seconds
Sleep for 19 seconds
Sleep for 18 seconds
Sleep for 17 seconds
Sleep for 16 seconds
Sleep for 15 seconds
Sleep for 14 seconds
Sleep for 13 seconds
Sleep for 12 seconds
Sleep for 11 seconds
Sleep for 10 seconds
Sleep for 9 seconds
Sleep for 8 seconds
Sleep for 7 seconds
Sleep for 6 seconds
Sleep for 5 seconds
Sleep for 4 seconds
Sleep for 3 seconds
Stoping chaos...
